Component: Arm Compiler for Embedded 6.18 Tool: armlink [5e4cc100]

==============================================================================

Section Cross References

    startup_stm32f103xb.o(RESET) refers to startup_stm32f103xb.o(STACK) for __initial_sp
    startup_stm32f103xb.o(RESET) refers to startup_stm32f103xb.o(.text) for Reset_Handler
    startup_stm32f103xb.o(RESET) refers to stm32f1xx_it.o(.text.NMI_Handler) for NMI_Handler
    startup_stm32f103xb.o(RESET) refers to stm32f1xx_it.o(.text.HardFault_Handler) for HardFault_Handler
    startup_stm32f103xb.o(RESET) refers to stm32f1xx_it.o(.text.MemManage_Handler) for MemManage_Handler
    startup_stm32f103xb.o(RESET) refers to stm32f1xx_it.o(.text.BusFault_Handler) for BusFault_Handler
    startup_stm32f103xb.o(RESET) refers to stm32f1xx_it.o(.text.UsageFault_Handler) for UsageFault_Handler
    startup_stm32f103xb.o(RESET) refers to port.o(.text.SVC_Handler) for SVC_Handler
    startup_stm32f103xb.o(RESET) refers to stm32f1xx_it.o(.text.DebugMon_Handler) for DebugMon_Handler
    startup_stm32f103xb.o(RESET) refers to port.o(.text.PendSV_Handler) for PendSV_Handler
    startup_stm32f103xb.o(RESET) refers to stm32f1xx_it.o(.text.SysTick_Handler) for SysTick_Handler
    startup_stm32f103xb.o(.text) refers to system_stm32f1xx.o(.text.SystemInit) for SystemInit
    startup_stm32f103xb.o(.text) refers to entry.o(.ARM.Collect$$$$00000000) for __main
    i2c.o(.text.MX_I2C1_Init) refers to i2c.o(.bss.hi2c1) for hi2c1
    i2c.o(.text.MX_I2C1_Init) refers to stm32f1xx_hal_i2c.o(.text.HAL_I2C_Init) for HAL_I2C_Init
    i2c.o(.text.MX_I2C1_Init) refers to main.o(.text.Error_Handler) for Error_Handler
    i2c.o(.ARM.exidx.text.MX_I2C1_Init) refers to i2c.o(.text.MX_I2C1_Init) for [Anonymous Symbol]
    i2c.o(.text.HAL_I2C_MspInit) refers to stm32f1xx_hal_gpio.o(.text.HAL_GPIO_Init) for HAL_GPIO_Init
    i2c.o(.ARM.exidx.text.HAL_I2C_MspInit) refers to i2c.o(.text.HAL_I2C_MspInit) for [Anonymous Symbol]
    i2c.o(.text.HAL_I2C_MspDeInit) refers to stm32f1xx_hal_gpio.o(.text.HAL_GPIO_DeInit) for HAL_GPIO_DeInit
    i2c.o(.ARM.exidx.text.HAL_I2C_MspDeInit) refers to i2c.o(.text.HAL_I2C_MspDeInit) for [Anonymous Symbol]
    bme280.o(.text.BME280_ReadID) refers to bme280.o(.text.read_regs) for read_regs
    bme280.o(.ARM.exidx.text.BME280_ReadID) refers to bme280.o(.text.BME280_ReadID) for [Anonymous Symbol]
    bme280.o(.text.read_regs) refers to soft_i2c.o(.text.SoftI2C_ReadRegs) for SoftI2C_ReadRegs
    bme280.o(.ARM.exidx.text.read_regs) refers to bme280.o(.text.read_regs) for [Anonymous Symbol]
    bme280.o(.text.BME280_Reset) refers to bme280.o(.text.write_reg) for write_reg
    bme280.o(.ARM.exidx.text.BME280_Reset) refers to bme280.o(.text.BME280_Reset) for [Anonymous Symbol]
    bme280.o(.text.write_reg) refers to soft_i2c.o(.text.SoftI2C_WriteReg) for SoftI2C_WriteReg
    bme280.o(.ARM.exidx.text.write_reg) refers to bme280.o(.text.write_reg) for [Anonymous Symbol]
    bme280.o(.text.BME280_Init) refers to bme280.o(.text.BME280_ReadID) for BME280_ReadID
    bme280.o(.text.BME280_Init) refers to bme280.o(.text.BME280_Reset) for BME280_Reset
    bme280.o(.text.BME280_Init) refers to stm32f1xx_hal.o(.text.HAL_Delay) for HAL_Delay
    bme280.o(.text.BME280_Init) refers to bme280.o(.text.read_calibration) for read_calibration
    bme280.o(.text.BME280_Init) refers to bme280.o(.text.write_reg) for write_reg
    bme280.o(.ARM.exidx.text.BME280_Init) refers to bme280.o(.text.BME280_Init) for [Anonymous Symbol]
    bme280.o(.text.read_calibration) refers to bme280.o(.text.read_regs) for read_regs
    bme280.o(.text.read_calibration) refers to bme280.o(.bss.calib) for calib
    bme280.o(.ARM.exidx.text.read_calibration) refers to bme280.o(.text.read_calibration) for [Anonymous Symbol]
    bme280.o(.ARM.exidx.text.BME280_ForceMeasure) refers to bme280.o(.text.BME280_ForceMeasure) for [Anonymous Symbol]
    bme280.o(.text.BME280_ReadTemperature) refers to bme280.o(.text.compensate_one_read) for compensate_one_read
    bme280.o(.ARM.exidx.text.BME280_ReadTemperature) refers to bme280.o(.text.BME280_ReadTemperature) for [Anonymous Symbol]
    bme280.o(.text.compensate_one_read) refers to bme280.o(.text.read_regs) for read_regs
    bme280.o(.text.compensate_one_read) refers to bme280.o(.text.BME280_Compensate) for BME280_Compensate
    bme280.o(.ARM.exidx.text.compensate_one_read) refers to bme280.o(.text.compensate_one_read) for [Anonymous Symbol]
    bme280.o(.text.BME280_ReadHumidity) refers to bme280.o(.text.compensate_one_read) for compensate_one_read
    bme280.o(.ARM.exidx.text.BME280_ReadHumidity) refers to bme280.o(.text.BME280_ReadHumidity) for [Anonymous Symbol]
    bme280.o(.text.BME280_ReadPressure) refers to bme280.o(.text.compensate_one_read) for compensate_one_read
    bme280.o(.ARM.exidx.text.BME280_ReadPressure) refers to bme280.o(.text.BME280_ReadPressure) for [Anonymous Symbol]
[...]
    [Anonymous Symbol]                       0x08002698   Section        0  soft_i2c.o(.text.SoftI2C_WriteMulti)
    [Anonymous Symbol]                       0x08002738   Section        0  soft_i2c.o(.text.SoftI2C_WriteReg)
    SysTick_Config                           0x080027ad   Thumb Code    82  stm32f1xx_hal_cortex.o(.text.SysTick_Config)
    [Anonymous Symbol]                       0x080027ac   Section        0  stm32f1xx_hal_cortex.o(.text.SysTick_Config)
    [Anonymous Symbol]                       0x08002800   Section        0  stm32f1xx_it.o(.text.SysTick_Handler)
    [Anonymous Symbol]                       0x08002818   Section        0  main.o(.text.SystemClock_Config)
    [Anonymous Symbol]                       0x08002874   Section        0  system_stm32f1xx.o(.text.SystemInit)
    [Anonymous Symbol]                       0x08002878   Section        0  freertos.o(.text.Task_Display)
    [Anonymous Symbol]                       0x080028ec   Section        0  freertos.o(.text.Task_Key)
    [Anonymous Symbol]                       0x08002960   Section        0  freertos.o(.text.Task_LED)
    [Anonymous Symbol]                       0x08002984   Section        0  freertos.o(.text.Task_Sensor)
    [Anonymous Symbol]                       0x08002a28   Section        0  freertos.o(.text.Task_UART)
    UART_EndRxTransfer                       0x08002b31   Thumb Code   148  stm32f1xx_hal_uart.o(.text.UART_EndRxTransfer)
    [Anonymous Symbol]                       0x08002b30   Section        0  stm32f1xx_hal_uart.o(.text.UART_EndRxTransfer)
    UART_SetConfig                           0x08002bc5   Thumb Code   186  stm32f1xx_hal_uart.o(.text.UART_SetConfig)
    [Anonymous Symbol]                       0x08002bc4   Section        0  stm32f1xx_hal_uart.o(.text.UART_SetConfig)
    UART_WaitOnFlagUntilTimeout              0x08002c81   Thumb Code   218  stm32f1xx_hal_uart.o(.text.UART_WaitOnFlagUntilTimeout)
    [Anonymous Symbol]                       0x08002c80   Section        0  stm32f1xx_hal_uart.o(.text.UART_WaitOnFlagUntilTimeout)
    [Anonymous Symbol]                       0x08002d5c   Section        0  stm32f1xx_it.o(.text.UsageFault_Handler)
    __NVIC_GetPriorityGrouping               0x08002d61   Thumb Code    16  stm32f1xx_hal_cortex.o(.text.__NVIC_GetPriorityGrouping)
    [Anonymous Symbol]                       0x08002d60   Section        0  stm32f1xx_hal_cortex.o(.text.__NVIC_GetPriorityGrouping)
    __NVIC_SetPriority                       0x08002d71   Thumb Code    66  stm32f1xx_hal_cortex.o(.text.__NVIC_SetPriority)
    [Anonymous Symbol]                       0x08002d70   Section        0  stm32f1xx_hal_cortex.o(.text.__NVIC_SetPriority)
    __NVIC_SetPriorityGrouping               0x08002db5   Thumb Code    60  stm32f1xx_hal_cortex.o(.text.__NVIC_SetPriorityGrouping)
    [Anonymous Symbol]                       0x08002db4   Section        0  stm32f1xx_hal_cortex.o(.text.__NVIC_SetPriorityGrouping)
    compensate_one_read                      0x08002df1   Thumb Code   140  bme280.o(.text.compensate_one_read)
    [Anonymous Symbol]                       0x08002df0   Section        0  bme280.o(.text.compensate_one_read)
    delay_us                                 0x08002e7d   Thumb Code    30  soft_i2c.o(.text.delay_us)
    [Anonymous Symbol]                       0x08002e7c   Section        0  soft_i2c.o(.text.delay_us)
    i2c_read_byte                            0x08002e9d   Thumb Code   148  soft_i2c.o(.text.i2c_read_byte)
    [Anonymous Symbol]                       0x08002e9c   Section        0  soft_i2c.o(.text.i2c_read_byte)
    i2c_start                                0x08002f31   Thumb Code    20  soft_i2c.o(.text.i2c_start)
    [Anonymous Symbol]                       0x08002f30   Section        0  soft_i2c.o(.text.i2c_start)
    i2c_stop                                 0x08002f45   Thumb Code    20  soft_i2c.o(.text.i2c_stop)
    [Anonymous Symbol]                       0x08002f44   Section        0  soft_i2c.o(.text.i2c_stop)
    i2c_write_byte                           0x08002f59   Thumb Code   124  soft_i2c.o(.text.i2c_write_byte)
    [Anonymous Symbol]                       0x08002f58   Section        0  soft_i2c.o(.text.i2c_write_byte)
    [Anonymous Symbol]                       0x08002fd4   Section        0  main.o(.text.main)
    [Anonymous Symbol]                       0x080030dc   Section        0  cmsis_os2.o(.text.osKernelInitialize)
    page_pressure                            0x08003125   Thumb Code    82  freertos.o(.text.page_pressure)
    [Anonymous Symbol]                       0x08003124   Section        0  freertos.o(.text.page_pressure)
    page_system_info                         0x08003179   Thumb Code   102  freertos.o(.text.page_system_info)
    [Anonymous Symbol]                       0x08003178   Section        0  freertos.o(.text.page_system_info)
    page_temp_humi                           0x080031e1   Thumb Code   232  freertos.o(.text.page_temp_humi)
    [Anonymous Symbol]                       0x080031e0   Section        0  freertos.o(.text.page_temp_humi)
    prvAddCurrentTaskToDelayedList           0x080032c9   Thumb Code   212  tasks.o(.text.prvAddCurrentTaskToDelayedList)
    [Anonymous Symbol]                       0x080032c8   Section        0  tasks.o(.text.prvAddCurrentTaskToDelayedList)
    prvAddNewTaskToReadyList                 0x0800339d   Thumb Code   290  tasks.o(.text.prvAddNewTaskToReadyList)
    [Anonymous Symbol]                       0x0800339c   Section        0  tasks.o(.text.prvAddNewTaskToReadyList)
    prvCheckForValidListAndQueue             0x080034c1   Thumb Code   140  timers.o(.text.prvCheckForValidListAndQueue)
    [Anonymous Symbol]                       0x080034c0   Section        0  timers.o(.text.prvCheckForValidListAndQueue)
    prvCheckTasksWaitingTermination          0x0800354d   Thumb Code    90  tasks.o(.text.prvCheckTasksWaitingTermination)
    [Anonymous Symbol]                       0x0800354c   Section        0  tasks.o(.text.prvCheckTasksWaitingTermination)
    prvCopyDataFromQueue                     0x080035a9   Thumb Code    66  queue.o(.text.prvCopyDataFromQueue)
    [Anonymous Symbol]                       0x080035a8   Section        0  queue.o(.text.prvCopyDataFromQueue)
    prvCopyDataToQueue                       0x080035ed   Thumb Code   204  queue.o(.text.prvCopyDataToQueue)
    [Anonymous Symbol]                       0x080035ec   Section        0  queue.o(.text.prvCopyDataToQueue)
    prvDeleteTCB                             0x080036b9   Thumb Code    24  tasks.o(.text.prvDeleteTCB)
    [Anonymous Symbol]                       0x080036b8   Section        0  tasks.o(.text.prvDeleteTCB)
    prvGetNextExpireTime                     0x080036d1   Thumb Code    64  timers.o(.text.prvGetNextExpireTime)
    [Anonymous Symbol]                       0x080036d0   Section        0  timers.o(.text.prvGetNextExpireTime)
    prvHeapInit                              0x08003711   Thumb Code   188  heap_4.o(.text.prvHeapInit)
    [Anonymous Symbol]                       0x08003710   Section        0  heap_4.o(.text.prvHeapInit)
    prvIdleTask                              0x080037cd   Thumb Code    56  tasks.o(.text.prvIdleTask)
    [Anonymous Symbol]                       0x080037cc   Section        0  tasks.o(.text.prvIdleTask)
    prvInitialiseNewQueue                    0x08003805   Thumb Code    72  queue.o(.text.prvInitialiseNewQueue)
    [Anonymous Symbol]                       0x08003804   Section        0  queue.o(.text.prvInitialiseNewQueue)
    prvInitialiseNewTask                     0x0800384d   Thumb Code   290  tasks.o(.text.prvInitialiseNewTask)
    [Anonymous Symbol]                       0x0800384c   Section        0  tasks.o(.text.prvInitialiseNewTask)
    prvInitialiseTaskLists                   0x08003971   Thumb Code   142  tasks.o(.text.prvInitialiseTaskLists)
    [Anonymous Symbol]                       0x08003970   Section        0  tasks.o(.text.prvInitialiseTaskLists)
    prvInsertBlockIntoFreeList               0x08003a01   Thumb Code   198  heap_4.o(.text.prvInsertBlockIntoFreeList)
    [Anonymous Symbol]                       0x08003a00   Section        0  heap_4.o(.text.prvInsertBlockIntoFreeList)
    prvInsertTimerInActiveList               0x08003ac9   Thumb Code   134  timers.o(.text.prvInsertTimerInActiveList)
    [Anonymous Symbol]                       0x08003ac8   Section        0  timers.o(.text.prvInsertTimerInActiveList)
    prvIsQueueEmpty                          0x08003b51   Thumb Code    40  queue.o(.text.prvIsQueueEmpty)
    [Anonymous Symbol]                       0x08003b50   Section        0  queue.o(.text.prvIsQueueEmpty)
    prvIsQueueFull                           0x08003b79   Thumb Code    46  queue.o(.text.prvIsQueueFull)
    [Anonymous Symbol]                       0x08003b78   Section        0  queue.o(.text.prvIsQueueFull)
    prvPortStartFirstTask                    0x08003ba9   Thumb Code    26  port.o(.text.prvPortStartFirstTask)
    [Anonymous Symbol]                       0x08003ba8   Section        0  port.o(.text.prvPortStartFirstTask)
    prvProcessExpiredTimer                   0x08003bc9   Thumb Code   142  timers.o(.text.prvProcessExpiredTimer)
    [Anonymous Symbol]                       0x08003bc8   Section        0  timers.o(.text.prvProcessExpiredTimer)
    prvProcessReceivedCommands               0x08003c59   Thumb Code   402  timers.o(.text.prvProcessReceivedCommands)
    [Anonymous Symbol]                       0x08003c58   Section        0  timers.o(.text.prvProcessReceivedCommands)
    prvProcessTimerOrBlockTask               0x08003ded   Thumb Code   154  timers.o(.text.prvProcessTimerOrBlockTask)
    [Anonymous Symbol]                       0x08003dec   Section        0  timers.o(.text.prvProcessTimerOrBlockTask)
    prvResetNextTaskUnblockTime              0x08003e89   Thumb Code    70  tasks.o(.text.prvResetNextTaskUnblockTime)
    [Anonymous Symbol]                       0x08003e88   Section        0  tasks.o(.text.prvResetNextTaskUnblockTime)
    prvSampleTimeNow                         0x08003ed1   Thumb Code    68  timers.o(.text.prvSampleTimeNow)
    [Anonymous Symbol]                       0x08003ed0   Section        0  timers.o(.text.prvSampleTimeNow)
    prvSwitchTimerLists                      0x08003f15   Thumb Code   212  timers.o(.text.prvSwitchTimerLists)
    [Anonymous Symbol]                       0x08003f14   Section        0  timers.o(.text.prvSwitchTimerLists)
    prvTaskExitError                         0x08003fe9   Thumb Code    76  port.o(.text.prvTaskExitError)
    [Anonymous Symbol]                       0x08003fe8   Section        0  port.o(.text.prvTaskExitError)
    prvTimerTask                             0x08004035   Thumb Code    30  timers.o(.text.prvTimerTask)
    [Anonymous Symbol]                       0x08004034   Section        0  timers.o(.text.prvTimerTask)
    prvUnlockQueue                           0x08004055   Thumb Code   174  queue.o(.text.prvUnlockQueue)
    [Anonymous Symbol]                       0x08004054   Section        0  queue.o(.text.prvUnlockQueue)
    [Anonymous Symbol]                       0x08004104   Section        0  heap_4.o(.text.pvPortMalloc)
    [Anonymous Symbol]                       0x080042f0   Section        0  port.o(.text.pxPortInitialiseStack)
    read_calibration                         0x08004341   Thumb Code   328  bme280.o(.text.read_calibration)
    [Anonymous Symbol]                       0x08004340   Section        0  bme280.o(.text.read_calibration)
    read_regs                                0x08004489   Thumb Code    36  bme280.o(.text.read_regs)
    [Anonymous Symbol]                       0x08004488   Section        0  bme280.o(.text.read_regs)
    [Anonymous Symbol]                       0x080044ac   Section        0  list.o(.text.uxListRemove)
    [Anonymous Symbol]                       0x080044f4   Section        0  tasks.o(.text.uxTaskGetNumberOfTasks)
    [Anonymous Symbol]                       0x08004500   Section        0  list.o(.text.vListInitialise)
    [Anonymous Symbol]                       0x08004530   Section        0  list.o(.text.vListInitialiseItem)
    [Anonymous Symbol]                       0x08004540   Section        0  list.o(.text.vListInsert)
    [Anonymous Symbol]                       0x080045ac   Section        0  list.o(.text.vListInsertEnd)
    [Anonymous Symbol]                       0x080045e8   Section        0  port.o(.text.vPortEnterCritical)
    [Anonymous Symbol]                       0x08004640   Section        0  port.o(.text.vPortExitCritical)
    [Anonymous Symbol]                       0x0800468c   Section        0  heap_4.o(.text.vPortFree)
    [Anonymous Symbol]                       0x0800475c   Section        0  port.o(.text.vPortSetupTimerInterrupt)
    [Anonymous Symbol]                       0x080047a0   Section        0  port.o(.text.vPortValidateInterruptPriority)
    [Anonymous Symbol]                       0x08004824   Section        0  queue.o(.text.vQueueAddToRegistry)
    [Anonymous Symbol]                       0x08004878   Section        0  queue.o(.text.vQueueWaitForMessageRestricted)
    [Anonymous Symbol]                       0x080048dc   Section        0  tasks.o(.text.vTaskDelay)
    [Anonymous Symbol]                       0x0800494c   Section        0  tasks.o(.text.vTaskInternalSetTimeOutState)
    [Anonymous Symbol]                       0x08004970   Section        0  tasks.o(.text.vTaskMissedYield)
    [Anonymous Symbol]                       0x08004980   Section        0  tasks.o(.text.vTaskPlaceOnEventList)
    [Anonymous Symbol]                       0x080049c4   Section        0  tasks.o(.text.vTaskPlaceOnEventListRestricted)
    [Anonymous Symbol]                       0x08004a18   Section        0  tasks.o(.text.vTaskStartScheduler)
    [Anonymous Symbol]                       0x08004ac8   Section        0  tasks.o(.text.vTaskSuspendAll)
    [Anonymous Symbol]                       0x08004ad8   Section        0  tasks.o(.text.vTaskSwitchContext)
    write_reg                                0x08004ba1   Thumb Code    32  bme280.o(.text.write_reg)
    [Anonymous Symbol]                       0x08004ba0   Section        0  bme280.o(.text.write_reg)
    [Anonymous Symbol]                       0x08004bc0   Section        0  heap_4.o(.text.xPortGetFreeHeapSize)
    [Anonymous Symbol]                       0x08004bcc   Section        0  port.o(.text.xPortStartScheduler)
    [Anonymous Symbol]                       0x08004cb4   Section        0  port.o(.text.xPortSysTickHandler)
    [Anonymous Symbol]                       0x08004cf0   Section        0  queue.o(.text.xQueueGenericCreate)
    [Anonymous Symbol]                       0x08004d5c   Section        0  queue.o(.text.xQueueGenericReset)
    [Anonymous Symbol]                       0x08004e18   Section        0  queue.o(.text.xQueueGenericSend)
    [Anonymous Symbol]                       0x08005044   Section        0  queue.o(.text.xQueueGenericSendFromISR)
    [Anonymous Symbol]                       0x08005190   Section        0  queue.o(.text.xQueueReceive)
    [Anonymous Symbol]                       0x0800536c   Section        0  tasks.o(.text.xTaskCheckForTimeOut)
    [Anonymous Symbol]                       0x08005438   Section        0  tasks.o(.text.xTaskCreate)
    [Anonymous Symbol]                       0x080054d0   Section        0  tasks.o(.text.xTaskGetSchedulerState)
    [Anonymous Symbol]                       0x08005508   Section        0  tasks.o(.text.xTaskGetTickCount)
    [Anonymous Symbol]                       0x0800551c   Section        0  tasks.o(.text.xTaskIncrementTick)
    [Anonymous Symbol]                       0x080056e0   Section        0  tasks.o(.text.xTaskPriorityDisinherit)
    [Anonymous Symbol]                       0x080057cc   Section        0  tasks.o(.text.xTaskRemoveFromEventList)
    [Anonymous Symbol]                       0x0800589c   Section        0  tasks.o(.text.xTaskResumeAll)
    [Anonymous Symbol]                       0x08005a24   Section        0  timers.o(.text.xTimerCreateTimerTask)
    [Anonymous Symbol]                       0x08005a90   Section        0  timers.o(.text.xTimerGenericCommand)
    i.__0sprintf                             0x08005b40   Section        0  printfa.o(i.__0sprintf)
    i.__scatterload_copy                     0x08005b68   Section       14  handlers.o(i.__scatterload_copy)
    i.__scatterload_null                     0x08005b76   Section        2  handlers.o(i.__scatterload_null)
    i.__scatterload_zeroinit                 0x08005b78   Section       14  handlers.o(i.__scatterload_zeroinit)
    _fp_digits                               0x08005b89   Thumb Code   366  printfa.o(i._fp_digits)
    i._fp_digits                             0x08005b88   Section        0  printfa.o(i._fp_digits)
    _printf_core                             0x08005d0d   Thumb Code  1744  printfa.o(i._printf_core)
    i._printf_core                           0x08005d0c   Section        0  printfa.o(i._printf_core)
    _printf_post_padding                     0x080063e9   Thumb Code    36  printfa.o(i._printf_post_padding)
    i._printf_post_padding                   0x080063e8   Section        0  printfa.o(i._printf_post_padding)
    _printf_pre_padding                      0x0800640d   Thumb Code    46  printfa.o(i._printf_pre_padding)
    i._printf_pre_padding                    0x0800640c   Section        0  printfa.o(i._printf_pre_padding)
    _sputc                                   0x0800643b   Thumb Code    10  printfa.o(i._sputc)
    i._sputc                                 0x0800643a   Section        0  printfa.o(i._sputc)
    Font5x7                                  0x0800645c   Data         475  oled.o(.rodata.Font5x7)
    [Anonymous Symbol]                       0x0800645c   Section        0  oled.o(.rodata.Font5x7)
    HAL_RCC_GetSysClockFreq.aPLLMULFactorTable 0x08006637   Data          16  stm32f1xx_hal_rcc.o(.rodata.HAL_RCC_GetSysClockFreq.aPLLMULFactorTable)
    [Anonymous Symbol]                       0x08006637   Section        0  stm32f1xx_hal_rcc.o(.rodata.HAL_RCC_GetSysClockFreq.aPLLMULFactorTable)
    HAL_RCC_GetSysClockFreq.aPredivFactorTable 0x08006647   Data           2  stm32f1xx_hal_rcc.o(.rodata.HAL_RCC_GetSysClockFreq.aPredivFactorTable)
    [Anonymous Symbol]                       0x08006647   Section        0  stm32f1xx_hal_rcc.o(.rodata.HAL_RCC_GetSysClockFreq.aPredivFactorTable)
    cn_font                                  0x08006649   Data          96  oled.o(.rodata.cn_font)
    [Anonymous Symbol]                       0x08006649   Section        0  oled.o(.rodata.cn_font)
    .L.str.6                                 0x080066a9   Data           4  main.o(.rodata.str1.1)
    [Anonymous Symbol]                       0x080066a9   Section        0  main.o(.rodata.str1.1)
    .L.str.1                                 0x080066ad   Data          11  main.o(.rodata.str1.1)
    .L.str.4                                 0x080066b8   Data           5  main.o(.rodata.str1.1)
    .L.str.2                                 0x080066bd   Data           7  main.o(.rodata.str1.1)
    .L.str                                   0x080066c4   Data          13  main.o(.rodata.str1.1)
    .L.str.3                                 0x080066d1   Data           8  main.o(.rodata.str1.1)
    .L.str.5                                 0x080066d9   Data           4  main.o(.rodata.str1.1)
    .L.str.1                                 0x080066dd   Data          38  freertos.o(.rodata.str1.1)
    [Anonymous Symbol]                       0x080066dd   Section        0  freertos.o(.rodata.str1.1)
    .L.str.3                                 0x08006703   Data           5  freertos.o(.rodata.str1.1)
    .L.str                                   0x08006708   Data          11  freertos.o(.rodata.str1.1)
    .L.str.2                                 0x08006713   Data           7  freertos.o(.rodata.str1.1)
    .L.str.6                                 0x0800671a   Data           7  freertos.o(.rodata.str1.1)
    .L.str.4                                 0x08006721   Data           6  freertos.o(.rodata.str1.1)
    .L.str.8                                 0x08006727   Data          10  freertos.o(.rodata.str1.1)
    .L.str.5                                 0x08006731   Data           9  freertos.o(.rodata.str1.1)
    .L.str.7                                 0x0800673a   Data          12  freertos.o(.rodata.str1.1)
    .L.str.9                                 0x08006746   Data          10  freertos.o(.rodata.str1.1)
    .L.str                                   0x08006750   Data           5  tasks.o(.rodata.str1.1)
    [Anonymous Symbol]                       0x08006750   Section        0  tasks.o(.rodata.str1.1)
    .L.str.1                                 0x08006755   Data           5  timers.o(.rodata.str1.1)
    [Anonymous Symbol]                       0x08006755   Section        0  timers.o(.rodata.str1.1)
    .L.str                                   0x0800675a   Data           8  timers.o(.rodata.str1.1)
    uxCriticalNesting                        0x2000000c   Data           4  port.o(.data.uxCriticalNesting)
    [Anonymous Symbol]                       0x2000000c   Section        0  port.o(.data.uxCriticalNesting)
    KernelState                              0x20000010   Data           4  cmsis_os2.o(.bss.KernelState)
    [Anonymous Symbol]                       0x20000010   Section        0  cmsis_os2.o(.bss.KernelState)
    calib                                    0x20000414   Data          36  bme280.o(.bss.calib)
    [Anonymous Symbol]                       0x20000414   Section        0  bme280.o(.bss.calib)
    g_data_ready                             0x20000438   Data           1  freertos.o(.bss.g_data_ready)
    [Anonymous Symbol]                       0x20000438   Section        0  freertos.o(.bss.g_data_ready)
    g_humi                                   0x2000043c   Data           4  freertos.o(.bss.g_humi)
    [Anonymous Symbol]                       0x2000043c   Section        0  freertos.o(.bss.g_humi)
    g_press                                  0x20000440   Data           4  freertos.o(.bss.g_press)
    [Anonymous Symbol]                       0x20000440   Section        0  freertos.o(.bss.g_press)
    g_temp                                   0x20000448   Data           4  freertos.o(.bss.g_temp)
    [Anonymous Symbol]                       0x20000448   Section        0  freertos.o(.bss.g_temp)
    line                                     0x20000494   Data          22  freertos.o(.bss.line)
    [Anonymous Symbol]                       0x20000494   Section        0  freertos.o(.bss.line)
    prvSampleTimeNow.xLastTime               0x200004ac   Data           4  timers.o(.bss.prvSampleTimeNow.xLastTime)
    [Anonymous Symbol]                       0x200004ac   Section        0  timers.o(.bss.prvSampleTimeNow.xLastTime)
    pxCurrentTimerList                       0x200004b4   Data           4  timers.o(.bss.pxCurrentTimerList)
    [Anonymous Symbol]                       0x200004b4   Section        0  timers.o(.bss.pxCurrentTimerList)
    pxDelayedTaskList                        0x200004b8   Data           4  tasks.o(.bss.pxDelayedTaskList)
    [Anonymous Symbol]                       0x200004b8   Section        0  tasks.o(.bss.pxDelayedTaskList)
    pxEnd                                    0x200004bc   Data           4  heap_4.o(.bss.pxEnd)
    [Anonymous Symbol]                       0x200004bc   Section        0  heap_4.o(.bss.pxEnd)
    pxOverflowDelayedTaskList                0x200004c0   Data           4  tasks.o(.bss.pxOverflowDelayedTaskList)
    [Anonymous Symbol]                       0x200004c0   Section        0  tasks.o(.bss.pxOverflowDelayedTaskList)
    pxOverflowTimerList                      0x200004c4   Data           4  timers.o(.bss.pxOverflowTimerList)
    [Anonymous Symbol]                       0x200004c4   Section        0  timers.o(.bss.pxOverflowTimerList)
    pxReadyTasksLists                        0x200004c8   Data        1120  tasks.o(.bss.pxReadyTasksLists)
    [Anonymous Symbol]                       0x200004c8   Section        0  tasks.o(.bss.pxReadyTasksLists)
    t_fine                                   0x20000928   Data           4  bme280.o(.bss.t_fine)
    [Anonymous Symbol]                       0x20000928   Section        0  bme280.o(.bss.t_fine)
    ucHeap                                   0x2000092c   Data       16384  heap_4.o(.bss.ucHeap)
    [Anonymous Symbol]                       0x2000092c   Section        0  heap_4.o(.bss.ucHeap)
    ucMaxSysCallPriority                     0x2000492c   Data           1  port.o(.bss.ucMaxSysCallPriority)
    [Anonymous Symbol]                       0x2000492c   Section        0  port.o(.bss.ucMaxSysCallPriority)
    ulMaxPRIGROUPValue                       0x20004930   Data           4  port.o(.bss.ulMaxPRIGROUPValue)
    [Anonymous Symbol]                       0x20004930   Section        0  port.o(.bss.ulMaxPRIGROUPValue)
    uxCurrentNumberOfTasks                   0x20004938   Data           4  tasks.o(.bss.uxCurrentNumberOfTasks)
    [Anonymous Symbol]                       0x20004938   Section        0  tasks.o(.bss.uxCurrentNumberOfTasks)
    uxDeletedTasksWaitingCleanUp             0x2000493c   Data           4  tasks.o(.bss.uxDeletedTasksWaitingCleanUp)
    [Anonymous Symbol]                       0x2000493c   Section        0  tasks.o(.bss.uxDeletedTasksWaitingCleanUp)
    uxSchedulerSuspended                     0x20004940   Data           4  tasks.o(.bss.uxSchedulerSuspended)
    [Anonymous Symbol]                       0x20004940   Section        0  tasks.o(.bss.uxSchedulerSuspended)
    uxTaskNumber                             0x20004944   Data           4  tasks.o(.bss.uxTaskNumber)
    [Anonymous Symbol]                       0x20004944   Section        0  tasks.o(.bss.uxTaskNumber)
    uxTopReadyPriority                       0x20004948   Data           4  tasks.o(.bss.uxTopReadyPriority)
    [Anonymous Symbol]                       0x20004948   Section        0  tasks.o(.bss.uxTopReadyPriority)
    xActiveTimerList1                        0x2000494c   Data          20  timers.o(.bss.xActiveTimerList1)
    [Anonymous Symbol]                       0x2000494c   Section        0  timers.o(.bss.xActiveTimerList1)
    xActiveTimerList2                        0x20004960   Data          20  timers.o(.bss.xActiveTimerList2)
    [Anonymous Symbol]                       0x20004960   Section        0  timers.o(.bss.xActiveTimerList2)
    xBlockAllocatedBit                       0x20004974   Data           4  heap_4.o(.bss.xBlockAllocatedBit)
    [Anonymous Symbol]                       0x20004974   Section        0  heap_4.o(.bss.xBlockAllocatedBit)
    xDelayedTaskList1                        0x20004978   Data          20  tasks.o(.bss.xDelayedTaskList1)
    [Anonymous Symbol]                       0x20004978   Section        0  tasks.o(.bss.xDelayedTaskList1)
    xDelayedTaskList2                        0x2000498c   Data          20  tasks.o(.bss.xDelayedTaskList2)
    [Anonymous Symbol]                       0x2000498c   Section        0  tasks.o(.bss.xDelayedTaskList2)
    xFreeBytesRemaining                      0x200049a0   Data           4  heap_4.o(.bss.xFreeBytesRemaining)
    [Anonymous Symbol]                       0x200049a0   Section        0  heap_4.o(.bss.xFreeBytesRemaining)
    xIdleTaskHandle                          0x200049a4   Data           4  tasks.o(.bss.xIdleTaskHandle)
    [Anonymous Symbol]                       0x200049a4   Section        0  tasks.o(.bss.xIdleTaskHandle)
    xMinimumEverFreeBytesRemaining           0x200049a8   Data           4  heap_4.o(.bss.xMinimumEverFreeBytesRemaining)
    [Anonymous Symbol]                       0x200049a8   Section        0  heap_4.o(.bss.xMinimumEverFreeBytesRemaining)
    xNextTaskUnblockTime                     0x200049ac   Data           4  tasks.o(.bss.xNextTaskUnblockTime)
    [Anonymous Symbol]                       0x200049ac   Section        0  tasks.o(.bss.xNextTaskUnblockTime)
    xNumOfOverflows                          0x200049b0   Data           4  tasks.o(.bss.xNumOfOverflows)
    [Anonymous Symbol]                       0x200049b0   Section        0  tasks.o(.bss.xNumOfOverflows)
    xNumberOfSuccessfulAllocations           0x200049b4   Data           4  heap_4.o(.bss.xNumberOfSuccessfulAllocations)
    [Anonymous Symbol]                       0x200049b4   Section        0  heap_4.o(.bss.xNumberOfSuccessfulAllocations)
    xNumberOfSuccessfulFrees                 0x200049b8   Data           4  heap_4.o(.bss.xNumberOfSuccessfulFrees)
    [Anonymous Symbol]                       0x200049b8   Section        0  heap_4.o(.bss.xNumberOfSuccessfulFrees)
    xPendedTicks                             0x200049bc   Data           4  tasks.o(.bss.xPendedTicks)
    [Anonymous Symbol]                       0x200049bc   Section        0  tasks.o(.bss.xPendedTicks)
    xPendingReadyList                        0x200049c0   Data          20  tasks.o(.bss.xPendingReadyList)
    [Anonymous Symbol]                       0x200049c0   Section        0  tasks.o(.bss.xPendingReadyList)
    xSchedulerRunning                        0x20004a14   Data           4  tasks.o(.bss.xSchedulerRunning)
    [Anonymous Symbol]                       0x20004a14   Section        0  tasks.o(.bss.xSchedulerRunning)
    xStart                                   0x20004a18   Data           8  heap_4.o(.bss.xStart)
    [Anonymous Symbol]                       0x20004a18   Section        0  heap_4.o(.bss.xStart)
    xSuspendedTaskList                       0x20004a20   Data          20  tasks.o(.bss.xSuspendedTaskList)
    [Anonymous Symbol]                       0x20004a20   Section        0  tasks.o(.bss.xSuspendedTaskList)
    xTasksWaitingTermination                 0x20004a34   Data          20  tasks.o(.bss.xTasksWaitingTermination)
    [Anonymous Symbol]                       0x20004a34   Section        0  tasks.o(.bss.xTasksWaitingTermination)
    xTickCount                               0x20004a48   Data           4  tasks.o(.bss.xTickCount)
    [Anonymous Symbol]                       0x20004a48   Section        0  tasks.o(.bss.xTickCount)
    xTimerQueue                              0x20004a4c   Data           4  timers.o(.bss.xTimerQueue)
    [Anonymous Symbol]                       0x20004a4c   Section        0  timers.o(.bss.xTimerQueue)
    xTimerTaskHandle                         0x20004a50   Data           4  timers.o(.bss.xTimerTaskHandle)
    [Anonymous Symbol]                       0x20004a50   Section        0  timers.o(.bss.xTimerTaskHandle)
    xYieldPending                            0x20004a54   Data           4  tasks.o(.bss.xYieldPending)
    [Anonymous Symbol]                       0x20004a54   Section        0  tasks.o(.bss.xYieldPending)
    STACK                                    0x20004a58   Section     1024  startup_stm32f103xb.o(STACK)

    Global Symbols

    Symbol Name                              Value     Ov Type        Size  Object(Section)

    BuildAttributes$$THM_ISAv4$P$D$K$B$S$PE$A:L22UL41UL21$X:L11$S22US41US21$IEEE1$IW$~IW$USESV6$~STKCKD$USESV7$~SHL$OTIME$ROPI$EBA8$MICROLIB$REQ8$PRES8$EABIv2 0x00000000   Number         0  anon$$obj.o ABSOLUTE
    __cpp_initialize__aeabi_                  - Undefined Weak Reference
    __cxa_finalize                            - Undefined Weak Reference
    __decompress                              - Undefined Weak Reference
    _clock_init                               - Undefined Weak Reference
    _microlib_exit                            - Undefined Weak Reference
    __Vectors_Size                           0x000000ec   Number         0  startup_stm32f103xb.o ABSOLUTE
    __Vectors                                0x08000000   Data           4  startup_stm32f103xb.o(RESET)
    __Vectors_End                            0x080000ec   Data           0  startup_stm32f103xb.o(RESET)
    __main                                   0x080000ed   Thumb Code     0  entry.o(.ARM.Collect$$$$00000000)
    _main_stk                                0x080000ed   Thumb Code     0  entry2.o(.ARM.Collect$$$$00000001)
    _main_scatterload                        0x080000f1   Thumb Code     0  entry5.o(.ARM.Collect$$$$00000004)
    __main_after_scatterload                 0x080000f5   Thumb Code     0  entry5.o(.ARM.Collect$$$$00000004)
    _main_clock                              0x080000f5   Thumb Code     0  entry7b.o(.ARM.Collect$$$$00000008)
    _main_cpp_init                           0x080000f5   Thumb Code     0  entry8b.o(.ARM.Collect$$$$0000000A)
    _main_init                               0x080000f5   Thumb Code     0  entry9a.o(.ARM.Collect$$$$0000000B)
    __rt_final_cpp                           0x080000fd   Thumb Code     0  entry10a.o(.ARM.Collect$$$$0000000D)
    __rt_final_exit                          0x080000fd   Thumb Code     0  entry11a.o(.ARM.Collect$$$$0000000F)
    Reset_Handler                            0x08000101   Thumb Code     8  startup_stm32f103xb.o(.text)
    ADC1_2_IRQHandler                        0x0800011b   Thumb Code     0  startup_stm32f103xb.o(.text)
    CAN1_RX1_IRQHandler                      0x0800011b   Thumb Code     0  startup_stm32f103xb.o(.text)
    CAN1_SCE_IRQHandler                      0x0800011b   Thumb Code     0  startup_stm32f103xb.o(.text)
    DMA1_Channel1_IRQHandler                 0x0800011b   Thumb Code     0  startup_stm32f103xb.o(.text)
    DMA1_Channel2_IRQHandler                 0x0800011b   Thumb Code     0  startup_stm32f103xb.o(.text)
    DMA1_Channel3_IRQHandler                 0x0800011b   Thumb Code     0  startup_stm32f103xb.o(.text)
    DMA1_Channel4_IRQHandler                 0x0800011b   Thumb Code     0  startup_stm32f103xb.o(.text)
    DMA1_Channel5_IRQHandler                 0x0800011b   Thumb Code     0  startup_stm32f103xb.o(.text)
    DMA1_Channel6_IRQHandler                 0x0800011b   Thumb Code     0  startup_stm32f103xb.o(.text)
    DMA1_Channel7_IRQHandler                 0x0800011b   Thumb Code     0  startup_stm32f103xb.o(.text)
    EXTI0_IRQHandler                         0x0800011b   Thumb Code     0  startup_stm32f103xb.o(.text)
    EXTI15_10_IRQHandler                     0x0800011b   Thumb Code     0  startup_stm32f103xb.o(.text)
    EXTI1_IRQHandler                         0x0800011b   Thumb Code     0  startup_stm32f103xb.o(.text)
    EXTI2_IRQHandler                         0x0800011b   Thumb Code     0  startup_stm32f103xb.o(.text)
    EXTI3_IRQHandler                         0x0800011b   Thumb Code     0  startup_stm32f103xb.o(.text)
    EXTI4_IRQHandler                         0x0800011b   Thumb Code     0  startup_stm32f103xb.o(.text)
    EXTI9_5_IRQHandler                       0x0800011b   Thumb Code     0  startup_stm32f103xb.o(.text)
    FLASH_IRQHandler                         0x0800011b   Thumb Code     0  startup_stm32f103xb.o(.text)
    I2C1_ER_IRQHandler                       0x0800011b   Thumb Code     0  startup_stm32f103xb.o(.text)
    I2C1_EV_IRQHandler                       0x0800011b   Thumb Code     0  startup_stm32f103xb.o(.text)
    I2C2_ER_IRQHandler                       0x0800011b   Thumb Code     0  startup_stm32f103xb.o(.text)
    I2C2_EV_IRQHandler                       0x0800011b   Thumb Code     0  startup_stm32f103xb.o(.text)
    PVD_IRQHandler                           0x0800011b   Thumb Code     0  startup_stm32f103xb.o(.text)
    RCC_IRQHandler                           0x0800011b   Thumb Code     0  startup_stm32f103xb.o(.text)
    RTC_Alarm_IRQHandler                     0x0800011b   Thumb Code     0  startup_stm32f103xb.o(.text)
    RTC_IRQHandler                           0x0800011b   Thumb Code     0  startup_stm32f103xb.o(.text)
    SPI1_IRQHandler                          0x0800011b   Thumb Code     0  startup_stm32f103xb.o(.text)
    SPI2_IRQHandler                          0x0800011b   Thumb Code     0  startup_stm32f103xb.o(.text)
    TAMPER_IRQHandler                        0x0800011b   Thumb Code     0  startup_stm32f103xb.o(.text)
    TIM1_BRK_IRQHandler                      0x0800011b   Thumb Code     0  startup_stm32f103xb.o(.text)
    TIM1_CC_IRQHandler                       0x0800011b   Thumb Code     0  startup_stm32f103xb.o(.text)
    TIM1_TRG_COM_IRQHandler                  0x0800011b   Thumb Code     0  startup_stm32f103xb.o(.text)
    TIM1_UP_IRQHandler                       0x0800011b   Thumb Code     0  startup_stm32f103xb.o(.text)
    TIM2_IRQHandler                          0x0800011b   Thumb Code     0  startup_stm32f103xb.o(.text)
    TIM3_IRQHandler                          0x0800011b   Thumb Code     0  startup_stm32f103xb.o(.text)
    TIM4_IRQHandler                          0x0800011b   Thumb Code     0  startup_stm32f103xb.o(.text)
    USART1_IRQHandler                        0x0800011b   Thumb Code     0  startup_stm32f103xb.o(.text)
    USART2_IRQHandler                        0x0800011b   Thumb Code     0  startup_stm32f103xb.o(.text)
    USART3_IRQHandler                        0x0800011b   Thumb Code     0  startup_stm32f103xb.o(.text)
    USBWakeUp_IRQHandler                     0x0800011b   Thumb Code     0  startup_stm32f103xb.o(.text)
    USB_HP_CAN1_TX_IRQHandler                0x0800011b   Thumb Code     0  startup_stm32f103xb.o(.text)
    USB_LP_CAN1_RX0_IRQHandler               0x0800011b   Thumb Code     0  startup_stm32f103xb.o(.text)
    WWDG_IRQHandler                          0x0800011b   Thumb Code     0  startup_stm32f103xb.o(.text)
    __aeabi_ldivmod                          0x08000125   Thumb Code    98  ldiv.o(.text)
    __aeabi_memcpy                           0x08000187   Thumb Code    36  memcpya.o(.text)
    __aeabi_memcpy4                          0x08000187   Thumb Code     0  memcpya.o(.text)
    __aeabi_memcpy8                          0x08000187   Thumb Code     0  memcpya.o(.text)
    __aeabi_memset                           0x080001ab   Thumb Code    14  memseta.o(.text)
    __aeabi_memset4                          0x080001ab   Thumb Code     0  memseta.o(.text)
    __aeabi_memset8                          0x080001ab   Thumb Code     0  memseta.o(.text)
    __aeabi_memclr                           0x080001b9   Thumb Code     4  memseta.o(.text)
    __aeabi_memclr4                          0x080001b9   Thumb Code     0  memseta.o(.text)
    __aeabi_memclr8                          0x080001b9   Thumb Code     0  memseta.o(.text)
    _memset$wrapper                          0x080001bd   Thumb Code    18  memseta.o(.text)
    strlen                                   0x080001cf   Thumb Code    14  strlen.o(.text)
    __aeabi_fmul                             0x080001dd   Thumb Code   100  fmul.o(.text)
    __aeabi_fdiv                             0x08000241   Thumb Code   124  fdiv.o(.text)
    __aeabi_i2f                              0x080002bd   Thumb Code    18  fflti.o(.text)
    __aeabi_l2f                              0x080002cf   Thumb Code    44  ffltl.o(.text)
    __aeabi_f2iz                             0x080002fb   Thumb Code    50  ffixi.o(.text)
    __aeabi_uidiv                            0x0800032d   Thumb Code     0  uidiv.o(.text)
    __aeabi_uidivmod                         0x0800032d   Thumb Code    44  uidiv.o(.text)
    __aeabi_uldivmod                         0x08000359   Thumb Code    98  uldiv.o(.text)
    __I$use$fp                               0x080003bb   Thumb Code     0  iusefp.o(.text)
    _float_round                             0x080003bb   Thumb Code    18  fepilogue.o(.text)
    _float_epilogue                          0x080003cd   Thumb Code    92  fepilogue.o(.text)
    __aeabi_dadd                             0x08000429   Thumb Code   322  dadd.o(.text)
    __aeabi_dsub                             0x0800056b   Thumb Code     6  dadd.o(.text)
    __aeabi_drsub                            0x08000571   Thumb Code     6  dadd.o(.text)
    __aeabi_dmul                             0x08000577   Thumb Code   228  dmul.o(.text)
    __aeabi_ddiv                             0x0800065b   Thumb Code   222  ddiv.o(.text)
    __aeabi_d2ulz                            0x08000739   Thumb Code    48  dfixul.o(.text)
    __aeabi_cdrcmple                         0x08000769   Thumb Code    48  cdrcmple.o(.text)
    __scatterload                            0x08000799   Thumb Code    28  init.o(.text)
    __scatterload_rt2                        0x08000799   Thumb Code     0  init.o(.text)
    __aeabi_llsl                             0x080007bd   Thumb Code    30  llshl.o(.text)
    _ll_shift_l                              0x080007bd   Thumb Code     0  llshl.o(.text)
    __aeabi_llsr                             0x080007db   Thumb Code    32  llushr.o(.text)
    _ll_ushift_r                             0x080007db   Thumb Code     0  llushr.o(.text)
    __aeabi_lasr                             0x080007fb   Thumb Code    36  llsshr.o(.text)
    _ll_sshift_r                             0x080007fb   Thumb Code     0  llsshr.o(.text)
    _double_round                            0x0800081f   Thumb Code    30  depilogue.o(.text)
    _double_epilogue                         0x0800083d   Thumb Code   156  depilogue.o(.text)
    BME280_Compensate                        0x080008d9   Thumb Code   818  bme280.o(.text.BME280_Compensate)
    BME280_Init                              0x08000c0d   Thumb Code   136  bme280.o(.text.BME280_Init)
    BME280_ReadAll                           0x08000c95   Thumb Code    28  bme280.o(.text.BME280_ReadAll)
    BME280_ReadID                            0x08000cb1   Thumb Code    50  bme280.o(.text.BME280_ReadID)
    BME280_Reset                             0x08000ce5   Thumb Code    20  bme280.o(.text.BME280_Reset)
    BusFault_Handler                         0x08000cf9   Thumb Code     4  stm32f1xx_it.o(.text.BusFault_Handler)
    DebugMon_Handler                         0x08000cfd   Thumb Code     2  stm32f1xx_it.o(.text.DebugMon_Handler)
    Error_Handler                            0x08000d01   Thumb Code    14  main.o(.text.Error_Handler)
    HAL_Delay                                0x08000d11   Thumb Code    66  stm32f1xx_hal.o(.text.HAL_Delay)
    HAL_GPIO_Init                            0x08000d55   Thumb Code   798  stm32f1xx_hal_gpio.o(.text.HAL_GPIO_Init)
    HAL_GPIO_ReadPin                         0x08001075   Thumb Code    46  stm32f1xx_hal_gpio.o(.text.HAL_GPIO_ReadPin)
    HAL_GPIO_TogglePin                       0x080010a5   Thumb Code    38  stm32f1xx_hal_gpio.o(.text.HAL_GPIO_TogglePin)
    HAL_GPIO_WritePin                        0x080010cd   Thumb Code    46  stm32f1xx_hal_gpio.o(.text.HAL_GPIO_WritePin)
    HAL_GetTick                              0x080010fd   Thumb Code    12  stm32f1xx_hal.o(.text.HAL_GetTick)
    HAL_IncTick                              0x08001109   Thumb Code    26  stm32f1xx_hal.o(.text.HAL_IncTick)
    HAL_Init                                 0x08001125   Thumb Code    38  stm32f1xx_hal.o(.text.HAL_Init)
    HAL_InitTick                             0x0800114d   Thumb Code   112  stm32f1xx_hal.o(.text.HAL_InitTick)
    HAL_MspInit                              0x080011bd   Thumb Code   114  stm32f1xx_hal_msp.o(.text.HAL_MspInit)
    HAL_NVIC_SetPriority                     0x08001231   Thumb Code    50  stm32f1xx_hal_cortex.o(.text.HAL_NVIC_SetPriority)
    HAL_NVIC_SetPriorityGrouping             0x08001265   Thumb Code    16  stm32f1xx_hal_cortex.o(.text.HAL_NVIC_SetPriorityGrouping)
    HAL_RCC_ClockConfig                      0x08001275   Thumb Code   598  stm32f1xx_hal_rcc.o(.text.HAL_RCC_ClockConfig)
    HAL_RCC_GetHCLKFreq                      0x080014cd   Thumb Code    12  stm32f1xx_hal_rcc.o(.text.HAL_RCC_GetHCLKFreq)
    HAL_RCC_GetPCLK1Freq                     0x080014d9   Thumb Code    34  stm32f1xx_hal_rcc.o(.text.HAL_RCC_GetPCLK1Freq)
    HAL_RCC_GetPCLK2Freq                     0x080014fd   Thumb Code    34  stm32f1xx_hal_rcc.o(.text.HAL_RCC_GetPCLK2Freq)
    HAL_RCC_GetSysClockFreq                  0x08001521   Thumb Code   188  stm32f1xx_hal_rcc.o(.text.HAL_RCC_GetSysClockFreq)
    HAL_RCC_OscConfig                        0x080015dd   Thumb Code  1658  stm32f1xx_hal_rcc.o(.text.HAL_RCC_OscConfig)
    HAL_SYSTICK_Config                       0x08001c59   Thumb Code    16  stm32f1xx_hal_cortex.o(.text.HAL_SYSTICK_Config)
    HAL_UART_Init                            0x08001c69   Thumb Code   158  stm32f1xx_hal_uart.o(.text.HAL_UART_Init)
    HAL_UART_MspInit                         0x08001d09   Thumb Code   152  usart.o(.text.HAL_UART_MspInit)
    HAL_UART_Transmit                        0x08001da1   Thumb Code   304  stm32f1xx_hal_uart.o(.text.HAL_UART_Transmit)
    HardFault_Handler                        0x08001ed1   Thumb Code     4  stm32f1xx_it.o(.text.HardFault_Handler)
    MX_GPIO_Init                             0x08001ed5   Thumb Code   188  gpio.o(.text.MX_GPIO_Init)
    MX_USART1_UART_Init                      0x08001f91   Thumb Code    64  usart.o(.text.MX_USART1_UART_Init)
    MemManage_Handler                        0x08001fd1   Thumb Code     4  stm32f1xx_it.o(.text.MemManage_Handler)
    NMI_Handler                              0x08001fd5   Thumb Code     4  stm32f1xx_it.o(.text.NMI_Handler)
    OLED_Clear                               0x08002045   Thumb Code    58  oled.o(.text.OLED_Clear)
    OLED_DrawChar                            0x08002081   Thumb Code   190  oled.o(.text.OLED_DrawChar)
    OLED_DrawChinese                         0x08002141   Thumb Code   190  oled.o(.text.OLED_DrawChinese)
    OLED_Init                                0x08002201   Thumb Code   166  oled.o(.text.OLED_Init)
    OLED_Print                               0x080022a9   Thumb Code    90  oled.o(.text.OLED_Print)
    OLED_SetPixel                            0x08002305   Thumb Code   136  oled.o(.text.OLED_SetPixel)
    OLED_Update                              0x0800238d   Thumb Code   124  oled.o(.text.OLED_Update)
    PendSV_Handler                           0x08002441   Thumb Code    68  port.o(.text.PendSV_Handler)
    SVC_Handler                              0x08002541   Thumb Code    36  port.o(.text.SVC_Handler)
    SoftI2C_Init                             0x08002565   Thumb Code   106  soft_i2c.o(.text.SoftI2C_Init)
    SoftI2C_ReadRegs                         0x080025d1   Thumb Code   198  soft_i2c.o(.text.SoftI2C_ReadRegs)
    SoftI2C_WriteMulti                       0x08002699   Thumb Code   158  soft_i2c.o(.text.SoftI2C_WriteMulti)
    SoftI2C_WriteReg                         0x08002739   Thumb Code   116  soft_i2c.o(.text.SoftI2C_WriteReg)
    SysTick_Handler                          0x08002801   Thumb Code    24  stm32f1xx_it.o(.text.SysTick_Handler)
    SystemClock_Config                       0x08002819   Thumb Code    90  main.o(.text.SystemClock_Config)
    SystemInit                               0x08002875   Thumb Code     2  system_stm32f1xx.o(.text.SystemInit)
    Task_Display                             0x08002879   Thumb Code   116  freertos.o(.text.Task_Display)
    Task_Key                                 0x080028ed   Thumb Code   116  freertos.o(.text.Task_Key)
    Task_LED                                 0x08002961   Thumb Code    34  freertos.o(.text.Task_LED)
    Task_Sensor                              0x08002985   Thumb Code   164  freertos.o(.text.Task_Sensor)
    Task_UART                                0x08002a29   Thumb Code   262  freertos.o(.text.Task_UART)
    UsageFault_Handler                       0x08002d5d   Thumb Code     4  stm32f1xx_it.o(.text.UsageFault_Handler)
    main                                     0x08002fd5   Thumb Code   264  main.o(.text.main)
    osKernelInitialize                       0x080030dd   Thumb Code    70  cmsis_os2.o(.text.osKernelInitialize)
    pvPortMalloc                             0x08004105   Thumb Code   492  heap_4.o(.text.pvPortMalloc)
    pxPortInitialiseStack                    0x080042f1   Thumb Code    80  port.o(.text.pxPortInitialiseStack)
    uxListRemove                             0x080044ad   Thumb Code    72  list.o(.text.uxListRemove)
    uxTaskGetNumberOfTasks                   0x080044f5   Thumb Code    12  tasks.o(.text.uxTaskGetNumberOfTasks)
    vListInitialise                          0x08004501   Thumb Code    46  list.o(.text.vListInitialise)
    vListInitialiseItem                      0x08004531   Thumb Code    14  list.o(.text.vListInitialiseItem)
    vListInsert                              0x08004541   Thumb Code   106  list.o(.text.vListInsert)
    vListInsertEnd                           0x080045ad   Thumb Code    58  list.o(.text.vListInsertEnd)
    vPortEnterCritical                       0x080045e9   Thumb Code    86  port.o(.text.vPortEnterCritical)
    vPortExitCritical                        0x08004641   Thumb Code    74  port.o(.text.vPortExitCritical)
    vPortFree                                0x0800468d   Thumb Code   206  heap_4.o(.text.vPortFree)
    vPortSetupTimerInterrupt                 0x0800475d   Thumb Code    68  port.o(.text.vPortSetupTimerInterrupt)
    vPortValidateInterruptPriority           0x080047a1   Thumb Code   132  port.o(.text.vPortValidateInterruptPriority)
    vQueueAddToRegistry                      0x08004825   Thumb Code    82  queue.o(.text.vQueueAddToRegistry)
    vQueueWaitForMessageRestricted           0x08004879   Thumb Code   100  queue.o(.text.vQueueWaitForMessageRestricted)
    vTaskDelay                               0x080048dd   Thumb Code   110  tasks.o(.text.vTaskDelay)
    vTaskInternalSetTimeOutState             0x0800494d   Thumb Code    36  tasks.o(.text.vTaskInternalSetTimeOutState)
    vTaskMissedYield                         0x08004971   Thumb Code    14  tasks.o(.text.vTaskMissedYield)
    vTaskPlaceOnEventList                    0x08004981   Thumb Code    66  tasks.o(.text.vTaskPlaceOnEventList)
    vTaskPlaceOnEventListRestricted          0x080049c5   Thumb Code    82  tasks.o(.text.vTaskPlaceOnEventListRestricted)
    vTaskStartScheduler                      0x08004a19   Thumb Code   176  tasks.o(.text.vTaskStartScheduler)
    vTaskSuspendAll                          0x08004ac9   Thumb Code    16  tasks.o(.text.vTaskSuspendAll)
    vTaskSwitchContext                       0x08004ad9   Thumb Code   198  tasks.o(.text.vTaskSwitchContext)
    xPortGetFreeHeapSize                     0x08004bc1   Thumb Code    12  heap_4.o(.text.xPortGetFreeHeapSize)
    xPortStartScheduler                      0x08004bcd   Thumb Code   230  port.o(.text.xPortStartScheduler)
    xPortSysTickHandler                      0x08004cb5   Thumb Code    60  port.o(.text.xPortSysTickHandler)
    xQueueGenericCreate                      0x08004cf1   Thumb Code   108  queue.o(.text.xQueueGenericCreate)
    xQueueGenericReset                       0x08004d5d   Thumb Code   186  queue.o(.text.xQueueGenericReset)
    xQueueGenericSend                        0x08004e19   Thumb Code   556  queue.o(.text.xQueueGenericSend)
    xQueueGenericSendFromISR                 0x08005045   Thumb Code   332  queue.o(.text.xQueueGenericSendFromISR)
    xQueueReceive                            0x08005191   Thumb Code   476  queue.o(.text.xQueueReceive)
    xTaskCheckForTimeOut                     0x0800536d   Thumb Code   204  tasks.o(.text.xTaskCheckForTimeOut)
    xTaskCreate                              0x08005439   Thumb Code   152  tasks.o(.text.xTaskCreate)
    xTaskGetSchedulerState                   0x080054d1   Thumb Code    56  tasks.o(.text.xTaskGetSchedulerState)
    xTaskGetTickCount                        0x08005509   Thumb Code    20  tasks.o(.text.xTaskGetTickCount)
    xTaskIncrementTick                       0x0800551d   Thumb Code   452  tasks.o(.text.xTaskIncrementTick)
    xTaskPriorityDisinherit                  0x080056e1   Thumb Code   236  tasks.o(.text.xTaskPriorityDisinherit)
    xTaskRemoveFromEventList                 0x080057cd   Thumb Code   206  tasks.o(.text.xTaskRemoveFromEventList)
    xTaskResumeAll                           0x0800589d   Thumb Code   390  tasks.o(.text.xTaskResumeAll)
    xTimerCreateTimerTask                    0x08005a25   Thumb Code   108  timers.o(.text.xTimerCreateTimerTask)
    xTimerGenericCommand                     0x08005a91   Thumb Code   176  timers.o(.text.xTimerGenericCommand)
    __0sprintf                               0x08005b41   Thumb Code    34  printfa.o(i.__0sprintf)
    __1sprintf                               0x08005b41   Thumb Code     0  printfa.o(i.__0sprintf)
    __2sprintf                               0x08005b41   Thumb Code     0  printfa.o(i.__0sprintf)
    __c89sprintf                             0x08005b41   Thumb Code     0  printfa.o(i.__0sprintf)
    sprintf                                  0x08005b41   Thumb Code     0  printfa.o(i.__0sprintf)
    __scatterload_copy                       0x08005b69   Thumb Code    14  handlers.o(i.__scatterload_copy)
    __scatterload_null                       0x08005b77   Thumb Code     2  handlers.o(i.__scatterload_null)
    __scatterload_zeroinit                   0x08005b79   Thumb Code    14  handlers.o(i.__scatterload_zeroinit)
    AHBPrescTable                            0x08006444   Data          16  system_stm32f1xx.o(.rodata.AHBPrescTable)
    APBPrescTable                            0x08006454   Data           8  system_stm32f1xx.o(.rodata.APBPrescTable)
    Region$$Table$$Base                      0x08006764   Number         0  anon$$obj.o(Region$$Table)
    Region$$Table$$Limit                     0x08006784   Number         0  anon$$obj.o(Region$$Table)
    SystemCoreClock                          0x20000000   Data           4  system_stm32f1xx.o(.data.SystemCoreClock)
    uwTickFreq                               0x20000004   Data           1  stm32f1xx_hal.o(.data.uwTickFreq)
    uwTickPrio                               0x20000008   Data           4  stm32f1xx_hal.o(.data.uwTickPrio)
    OLED_Buffer                              0x20000014   Data        1024  oled.o(.bss.OLED_Buffer)
    g_system_mode                            0x20000444   Data           1  freertos.o(.bss.g_system_mode)
    huart1                                   0x2000044c   Data          72  usart.o(.bss.huart1)
    pxCurrentTCB                             0x200004b0   Data           4  tasks.o(.bss.pxCurrentTCB)
    uwTick                                   0x20004934   Data           4  stm32f1xx_hal.o(.bss.uwTick)
    xQueueRegistry                           0x200049d4   Data          64  queue.o(.bss.xQueueRegistry)
    __initial_sp                             0x20004e58   Data           0  startup_stm32f103xb.o(STACK)



==============================================================================

Memory Map of the image

  Image Entry point : 0x080000ed

  Load Region LR_IROM1 (Base: 0x08000000, Size: 0x00006798, Max: 0x00010000, ABSOLUTE)

    Execution Region ER_IROM1 (Exec base: 0x08000000, Load base: 0x08000000, Size: 0x00006784, Max: 0x00010000, ABSOLUTE)

    Exec Addr    Load Addr    Size         Type   Attr      Idx    E Section Name        Object

    0x08000000   0x08000000   0x000000ec   Data   RO            3    RESET               startup_stm32f103xb.o
    0x080000ec   0x080000ec   0x00000000   Code   RO         1569  * .ARM.Collect$$$$00000000  mc_w.l(entry.o)
    0x080000ec   0x080000ec   0x00000004   Code   RO         1620    .ARM.Collect$$$$00000001  mc_w.l(entry2.o)
    0x080000f0   0x080000f0   0x00000004   Code   RO         1623    .ARM.Collect$$$$00000004  mc_w.l(entry5.o)
    0x080000f4   0x080000f4   0x00000000   Code   RO         1625    .ARM.Collect$$$$00000008  mc_w.l(entry7b.o)
    0x080000f4   0x080000f4   0x00000000   Code   RO         1627    .ARM.Collect$$$$0000000A  mc_w.l(entry8b.o)
    0x080000f4   0x080000f4   0x00000008   Code   RO         1628    .ARM.Collect$$$$0000000B  mc_w.l(entry9a.o)
    0x080000fc   0x080000fc   0x00000000   Code   RO         1630    .ARM.Collect$$$$0000000D  mc_w.l(entry10a.o)
    0x080000fc   0x080000fc   0x00000000   Code   RO         1632    .ARM.Collect$$$$0000000F  mc_w.l(entry11a.o)
    0x080000fc   0x080000fc   0x00000004   Code   RO         1621    .ARM.Collect$$$$00002712  mc_w.l(entry2.o)
    0x08000100   0x08000100   0x00000024   Code   RO            4    .text               startup_stm32f103xb.o
    0x08000124   0x08000124   0x00000062   Code   RO         1572    .text               mc_w.l(ldiv.o)
    0x08000186   0x08000186   0x00000024   Code   RO         1574    .text               mc_w.l(memcpya.o)
    0x080001aa   0x080001aa   0x00000024   Code   RO         1576    .text               mc_w.l(memseta.o)
    0x080001ce   0x080001ce   0x0000000e   Code   RO         1578    .text               mc_w.l(strlen.o)
    0x080001dc   0x080001dc   0x00000064   Code   RO         1610    .text               mf_w.l(fmul.o)
    0x08000240   0x08000240   0x0000007c   Code   RO         1612    .text               mf_w.l(fdiv.o)
    0x080002bc   0x080002bc   0x00000012   Code   RO         1614    .text               mf_w.l(fflti.o)
    0x080002ce   0x080002ce   0x0000002c   Code   RO         1616    .text               mf_w.l(ffltl.o)
    0x080002fa   0x080002fa   0x00000032   Code   RO         1618    .text               mf_w.l(ffixi.o)
    0x0800032c   0x0800032c   0x0000002c   Code   RO         1648    .text               mc_w.l(uidiv.o)
    0x08000358   0x08000358   0x00000062   Code   RO         1650    .text               mc_w.l(uldiv.o)
    0x080003ba   0x080003ba   0x00000000   Code   RO         1652    .text               mc_w.l(iusefp.o)
    0x080003ba   0x080003ba   0x0000006e   Code   RO         1653    .text               mf_w.l(fepilogue.o)
    0x08000428   0x08000428   0x0000014e   Code   RO         1655    .text               mf_w.l(dadd.o)
    0x08000576   0x08000576   0x000000e4   Code   RO         1657    .text               mf_w.l(dmul.o)
    0x0800065a   0x0800065a   0x000000de   Code   RO         1659    .text               mf_w.l(ddiv.o)
    0x08000738   0x08000738   0x00000030   Code   RO         1661    .text               mf_w.l(dfixul.o)
    0x08000768   0x08000768   0x00000030   Code   RO         1663    .text               mf_w.l(cdrcmple.o)
    0x08000798   0x08000798   0x00000024   Code   RO         1665    .text               mc_w.l(init.o)
    0x080007bc   0x080007bc   0x0000001e   Code   RO         1668    .text               mc_w.l(llshl.o)
    0x080007da   0x080007da   0x00000020   Code   RO         1670    .text               mc_w.l(llushr.o)
    0x080007fa   0x080007fa   0x00000024   Code   RO         1672    .text               mc_w.l(llsshr.o)
    0x0800081e   0x0800081e   0x000000ba   Code   RO         1675    .text               mf_w.l(depilogue.o)
    0x080008d8   0x080008d8   0x00000332   Code   RO           49    .text.BME280_Compensate  bme280.o
    0x08000c0a   0x08000c0a   0x00000002   PAD
    0x08000c0c   0x08000c0c   0x00000088   Code   RO           33    .text.BME280_Init   bme280.o
    0x08000c94   0x08000c94   0x0000001c   Code   RO           47    .text.BME280_ReadAll  bme280.o
    0x08000cb0   0x08000cb0   0x00000032   Code   RO           25    .text.BME280_ReadID  bme280.o
    0x08000ce2   0x08000ce2   0x00000002   PAD
    0x08000ce4   0x08000ce4   0x00000014   Code   RO           29    .text.BME280_Reset  bme280.o
    0x08000cf8   0x08000cf8   0x00000004   Code   RO          198    .text.BusFault_Handler  stm32f1xx_it.o
    0x08000cfc   0x08000cfc   0x00000002   Code   RO          202    .text.DebugMon_Handler  stm32f1xx_it.o
    0x08000cfe   0x08000cfe   0x00000002   PAD
    0x08000d00   0x08000d00   0x0000000e   Code   RO          129    .text.Error_Handler  main.o
    0x08000d0e   0x08000d0e   0x00000002   PAD
    0x08000d10   0x08000d10   0x00000042   Code   RO          425    .text.HAL_Delay     stm32f1xx_hal.o
    0x08000d52   0x08000d52   0x00000002   PAD
    0x08000d54   0x08000d54   0x0000031e   Code   RO          519    .text.HAL_GPIO_Init  stm32f1xx_hal_gpio.o
    0x08001072   0x08001072   0x00000002   PAD
    0x08001074   0x08001074   0x0000002e   Code   RO          523    .text.HAL_GPIO_ReadPin  stm32f1xx_hal_gpio.o
    0x080010a2   0x080010a2   0x00000002   PAD
    0x080010a4   0x080010a4   0x00000026   Code   RO          527    .text.HAL_GPIO_TogglePin  stm32f1xx_hal_gpio.o
    0x080010ca   0x080010ca   0x00000002   PAD
    0x080010cc   0x080010cc   0x0000002e   Code   RO          525    .text.HAL_GPIO_WritePin  stm32f1xx_hal_gpio.o
    0x080010fa   0x080010fa   0x00000002   PAD
    0x080010fc   0x080010fc   0x0000000c   Code   RO          417    .text.HAL_GetTick   stm32f1xx_hal.o
    0x08001108   0x08001108   0x0000001a   Code   RO          415    .text.HAL_IncTick   stm32f1xx_hal.o
    0x08001122   0x08001122   0x00000002   PAD
    0x08001124   0x08001124   0x00000026   Code   RO          405    .text.HAL_Init      stm32f1xx_hal.o
    0x0800114a   0x0800114a   0x00000002   PAD
    0x0800114c   0x0800114c   0x00000070   Code   RO          407    .text.HAL_InitTick  stm32f1xx_hal.o
    0x080011bc   0x080011bc   0x00000072   Code   RO          213    .text.HAL_MspInit   stm32f1xx_hal_msp.o
    0x0800122e   0x0800122e   0x00000002   PAD
    0x08001230   0x08001230   0x00000032   Code   RO          579    .text.HAL_NVIC_SetPriority  stm32f1xx_hal_cortex.o
    0x08001262   0x08001262   0x00000002   PAD
    0x08001264   0x08001264   0x00000010   Code   RO          575    .text.HAL_NVIC_SetPriorityGrouping  stm32f1xx_hal_cortex.o
    0x08001274   0x08001274   0x00000256   Code   RO          471    .text.HAL_RCC_ClockConfig  stm32f1xx_hal_rcc.o
    0x080014ca   0x080014ca   0x00000002   PAD
    0x080014cc   0x080014cc   0x0000000c   Code   RO          481    .text.HAL_RCC_GetHCLKFreq  stm32f1xx_hal_rcc.o
    0x080014d8   0x080014d8   0x00000022   Code   RO          483    .text.HAL_RCC_GetPCLK1Freq  stm32f1xx_hal_rcc.o
    0x080014fa   0x080014fa   0x00000002   PAD
    0x080014fc   0x080014fc   0x00000022   Code   RO          485    .text.HAL_RCC_GetPCLK2Freq  stm32f1xx_hal_rcc.o
    0x0800151e   0x0800151e   0x00000002   PAD
    0x08001520   0x08001520   0x000000bc   Code   RO          473    .text.HAL_RCC_GetSysClockFreq  stm32f1xx_hal_rcc.o
    0x080015dc   0x080015dc   0x0000067a   Code   RO          467    .text.HAL_RCC_OscConfig  stm32f1xx_hal_rcc.o
    0x08001c56   0x08001c56   0x00000002   PAD
    0x08001c58   0x08001c58   0x00000010   Code   RO          599    .text.HAL_SYSTICK_Config  stm32f1xx_hal_cortex.o
    0x08001c68   0x08001c68   0x0000009e   Code   RO          783    .text.HAL_UART_Init  stm32f1xx_hal_uart.o
    0x08001d06   0x08001d06   0x00000002   PAD
    0x08001d08   0x08001d08   0x00000098   Code   RO          180    .text.HAL_UART_MspInit  usart.o
    0x08001da0   0x08001da0   0x00000130   Code   RO          799    .text.HAL_UART_Transmit  stm32f1xx_hal_uart.o
    0x08001ed0   0x08001ed0   0x00000004   Code   RO          194    .text.HardFault_Handler  stm32f1xx_it.o
    0x08001ed4   0x08001ed4   0x000000bc   Code   RO          140    .text.MX_GPIO_Init  gpio.o
    0x08001f90   0x08001f90   0x00000040   Code   RO          178    .text.MX_USART1_UART_Init  usart.o
    0x08001fd0   0x08001fd0   0x00000004   Code   RO          196    .text.MemManage_Handler  stm32f1xx_it.o
    0x08001fd4   0x08001fd4   0x00000004   Code   RO          192    .text.NMI_Handler   stm32f1xx_it.o
    0x08001fd8   0x08001fd8   0x0000006c   Code   RO          585    .text.NVIC_EncodePriority  stm32f1xx_hal_cortex.o
    0x08002044   0x08002044   0x0000003a   Code   RO          101    .text.OLED_Clear    oled.o
    0x0800207e   0x0800207e   0x00000002   PAD
    0x08002080   0x08002080   0x000000be   Code   RO          109    .text.OLED_DrawChar  oled.o
    0x0800213e   0x0800213e   0x00000002   PAD
    0x08002140   0x08002140   0x000000be   Code   RO          113    .text.OLED_DrawChinese  oled.o
    0x080021fe   0x080021fe   0x00000002   PAD
    0x08002200   0x08002200   0x000000a6   Code   RO           97    .text.OLED_Init     oled.o
    0x080022a6   0x080022a6   0x00000002   PAD
    0x080022a8   0x080022a8   0x0000005a   Code   RO          111    .text.OLED_Print    oled.o
    0x08002302   0x08002302   0x00000002   PAD
    0x08002304   0x08002304   0x00000088   Code   RO          107    .text.OLED_SetPixel  oled.o
    0x0800238c   0x0800238c   0x0000007c   Code   RO          103    .text.OLED_Update   oled.o
    0x08002408   0x08002408   0x00000018   Code   RO           99    .text.OLED_WriteCmd  oled.o
    0x08002420   0x08002420   0x0000001a   Code   RO          105    .text.OLED_WriteData  oled.o
    0x0800243a   0x0800243a   0x00000006   PAD
    0x08002440   0x08002440   0x00000044   Code   RO         1554    .text.PendSV_Handler  port.o
    0x08002484   0x08002484   0x0000003a   Code   RO          469    .text.RCC_Delay     stm32f1xx_hal_rcc.o
    0x080024be   0x080024be   0x00000002   PAD
    0x080024c0   0x080024c0   0x00000018   Code   RO           82    .text.SCL_H         soft_i2c.o
    0x080024d8   0x080024d8   0x00000018   Code   RO           86    .text.SCL_L         soft_i2c.o
    0x080024f0   0x080024f0   0x00000018   Code   RO           80    .text.SDA_H         soft_i2c.o
    0x08002508   0x08002508   0x00000018   Code   RO           84    .text.SDA_L         soft_i2c.o
    0x08002520   0x08002520   0x00000012   Code   RO           88    .text.SDA_R         soft_i2c.o
    0x08002532   0x08002532   0x0000000e   PAD
    0x08002540   0x08002540   0x00000024   Code   RO         1540    .text.SVC_Handler   port.o
    0x08002564   0x08002564   0x0000006a   Code   RO           62    .text.SoftI2C_Init  soft_i2c.o
    0x080025ce   0x080025ce   0x00000002   PAD
    0x080025d0   0x080025d0   0x000000c6   Code   RO           74    .text.SoftI2C_ReadRegs  soft_i2c.o
    0x08002696   0x08002696   0x00000002   PAD
    0x08002698   0x08002698   0x0000009e   Code   RO           78    .text.SoftI2C_WriteMulti  soft_i2c.o
    0x08002736   0x08002736   0x00000002   PAD
    0x08002738   0x08002738   0x00000074   Code   RO           66    .text.SoftI2C_WriteReg  soft_i2c.o
    0x080027ac   0x080027ac   0x00000052   Code   RO          601    .text.SysTick_Config  stm32f1xx_hal_cortex.o
    0x080027fe   0x080027fe   0x00000002   PAD
    0x08002800   0x08002800   0x00000018   Code   RO          204    .text.SysTick_Handler  stm32f1xx_it.o
    0x08002818   0x08002818   0x0000005a   Code   RO          127    .text.SystemClock_Config  main.o
    0x08002872   0x08002872   0x00000002   PAD
    0x08002874   0x08002874   0x00000002   Code   RO          914    .text.SystemInit    system_stm32f1xx.o
    0x08002876   0x08002876   0x00000002   PAD
    0x08002878   0x08002878   0x00000074   Code   RO          150    .text.Task_Display  freertos.o
    0x080028ec   0x080028ec   0x00000074   Code   RO          158    .text.Task_Key      freertos.o
    0x08002960   0x08002960   0x00000022   Code   RO          160    .text.Task_LED      freertos.o
    0x08002982   0x08002982   0x00000002   PAD
    0x08002984   0x08002984   0x000000a4   Code   RO          148    .text.Task_Sensor   freertos.o
    0x08002a28   0x08002a28   0x00000106   Code   RO          162    .text.Task_UART     freertos.o
    0x08002b2e   0x08002b2e   0x00000002   PAD
    0x08002b30   0x08002b30   0x00000094   Code   RO          831    .text.UART_EndRxTransfer  stm32f1xx_hal_uart.o
    0x08002bc4   0x08002bc4   0x000000ba   Code   RO          787    .text.UART_SetConfig  stm32f1xx_hal_uart.o
    0x08002c7e   0x08002c7e   0x00000002   PAD
    0x08002c80   0x08002c80   0x000000da   Code   RO          801    .text.UART_WaitOnFlagUntilTimeout  stm32f1xx_hal_uart.o
    0x08002d5a   0x08002d5a   0x00000002   PAD
    0x08002d5c   0x08002d5c   0x00000004   Code   RO          200    .text.UsageFault_Handler  stm32f1xx_it.o
    0x08002d60   0x08002d60   0x00000010   Code   RO          581    .text.__NVIC_GetPriorityGrouping  stm32f1xx_hal_cortex.o
    0x08002d70   0x08002d70   0x00000042   Code   RO          583    .text.__NVIC_SetPriority  stm32f1xx_hal_cortex.o
    0x08002db2   0x08002db2   0x00000002   PAD
    0x08002db4   0x08002db4   0x0000003c   Code   RO          577    .text.__NVIC_SetPriorityGrouping  stm32f1xx_hal_cortex.o
    0x08002df0   0x08002df0   0x0000008c   Code   RO           41    .text.compensate_one_read  bme280.o
    0x08002e7c   0x08002e7c   0x0000001e   Code   RO           64    .text.delay_us      soft_i2c.o
    0x08002e9a   0x08002e9a   0x00000002   PAD
    0x08002e9c   0x08002e9c   0x00000094   Code   RO           76    .text.i2c_read_byte  soft_i2c.o
    0x08002f30   0x08002f30   0x00000014   Code   RO           68    .text.i2c_start     soft_i2c.o
    0x08002f44   0x08002f44   0x00000014   Code   RO           72    .text.i2c_stop      soft_i2c.o
    0x08002f58   0x08002f58   0x0000007c   Code   RO           70    .text.i2c_write_byte  soft_i2c.o
    0x08002fd4   0x08002fd4   0x00000108   Code   RO          125    .text.main          main.o
    0x080030dc   0x080030dc   0x00000046   Code   RO         1336    .text.osKernelInitialize  cmsis_os2.o
    0x08003122   0x08003122   0x00000002   PAD
    0x08003124   0x08003124   0x00000052   Code   RO          154    .text.page_pressure  freertos.o
    0x08003176   0x08003176   0x00000002   PAD
    0x08003178   0x08003178   0x00000066   Code   RO          156    .text.page_system_info  freertos.o
    0x080031de   0x080031de   0x00000002   PAD
    0x080031e0   0x080031e0   0x000000e8   Code   RO          152    .text.page_temp_humi  freertos.o
    0x080032c8   0x080032c8   0x000000d4   Code   RO         1134    .text.prvAddCurrentTaskToDelayedList  tasks.o
    0x0800339c   0x0800339c   0x00000122   Code   RO         1122    .text.prvAddNewTaskToReadyList  tasks.o
    0x080034be   0x080034be   0x00000002   PAD
    0x080034c0   0x080034c0   0x0000008c   Code   RO         1271    .text.prvCheckForValidListAndQueue  timers.o
    0x0800354c   0x0800354c   0x0000005a   Code   RO         1238    .text.prvCheckTasksWaitingTermination  tasks.o
    0x080035a6   0x080035a6   0x00000002   PAD
    0x080035a8   0x080035a8   0x00000042   Code   RO         1017    .text.prvCopyDataFromQueue  queue.o
    0x080035ea   0x080035ea   0x00000002   PAD
    0x080035ec   0x080035ec   0x000000cc   Code   RO         1005    .text.prvCopyDataToQueue  queue.o
    0x080036b8   0x080036b8   0x00000018   Code   RO         1126    .text.prvDeleteTCB  tasks.o
    0x080036d0   0x080036d0   0x00000040   Code   RO         1307    .text.prvGetNextExpireTime  timers.o
    0x08003710   0x08003710   0x000000bc   Code   RO         1507    .text.prvHeapInit   heap_4.o
    0x080037cc   0x080037cc   0x00000038   Code   RO         1160    .text.prvIdleTask   tasks.o
    0x08003804   0x08003804   0x00000048   Code   RO          985    .text.prvInitialiseNewQueue  queue.o
    0x0800384c   0x0800384c   0x00000122   Code   RO         1120    .text.prvInitialiseNewTask  tasks.o
    0x0800396e   0x0800396e   0x00000002   PAD
    0x08003970   0x08003970   0x0000008e   Code   RO         1236    .text.prvInitialiseTaskLists  tasks.o
    0x080039fe   0x080039fe   0x00000002   PAD
    0x08003a00   0x08003a00   0x000000c6   Code   RO         1509    .text.prvInsertBlockIntoFreeList  heap_4.o
    0x08003ac6   0x08003ac6   0x00000002   PAD
    0x08003ac8   0x08003ac8   0x00000086   Code   RO         1319    .text.prvInsertTimerInActiveList  timers.o
    0x08003b4e   0x08003b4e   0x00000002   PAD
    0x08003b50   0x08003b50   0x00000028   Code   RO         1019    .text.prvIsQueueEmpty  queue.o
    0x08003b78   0x08003b78   0x0000002e   Code   RO         1007    .text.prvIsQueueFull  queue.o
    0x08003ba6   0x08003ba6   0x00000002   PAD
    0x08003ba8   0x08003ba8   0x00000020   Code   RO         1546    .text.prvPortStartFirstTask  port.o
    0x08003bc8   0x08003bc8   0x0000008e   Code   RO         1315    .text.prvProcessExpiredTimer  timers.o
    0x08003c56   0x08003c56   0x00000002   PAD
    0x08003c58   0x08003c58   0x00000192   Code   RO         1311    .text.prvProcessReceivedCommands  timers.o
    0x08003dea   0x08003dea   0x00000002   PAD
    0x08003dec   0x08003dec   0x0000009a   Code   RO         1309    .text.prvProcessTimerOrBlockTask  timers.o
    0x08003e86   0x08003e86   0x00000002   PAD
    0x08003e88   0x08003e88   0x00000046   Code   RO         1128    .text.prvResetNextTaskUnblockTime  tasks.o
    0x08003ece   0x08003ece   0x00000002   PAD
    0x08003ed0   0x08003ed0   0x00000044   Code   RO         1313    .text.prvSampleTimeNow  timers.o
    0x08003f14   0x08003f14   0x000000d4   Code   RO         1317    .text.prvSwitchTimerLists  timers.o
    0x08003fe8   0x08003fe8   0x0000004c   Code   RO         1538    .text.prvTaskExitError  port.o
    0x08004034   0x08004034   0x0000001e   Code   RO         1273    .text.prvTimerTask  timers.o
    0x08004052   0x08004052   0x00000002   PAD
    0x08004054   0x08004054   0x000000ae   Code   RO         1009    .text.prvUnlockQueue  queue.o
    0x08004102   0x08004102   0x00000002   PAD
    0x08004104   0x08004104   0x000001ec   Code   RO         1505    .text.pvPortMalloc  heap_4.o
    0x080042f0   0x080042f0   0x00000050   Code   RO         1536    .text.pxPortInitialiseStack  port.o
    0x08004340   0x08004340   0x00000148   Code   RO           35    .text.read_calibration  bme280.o
    0x08004488   0x08004488   0x00000024   Code   RO           27    .text.read_regs     bme280.o
    0x080044ac   0x080044ac   0x00000048   Code   RO          972    .text.uxListRemove  list.o
    0x080044f4   0x080044f4   0x0000000c   Code   RO         1170    .text.uxTaskGetNumberOfTasks  tasks.o
    0x08004500   0x08004500   0x0000002e   Code   RO          964    .text.vListInitialise  list.o
    0x0800452e   0x0800452e   0x00000002   PAD
    0x08004530   0x08004530   0x0000000e   Code   RO          966    .text.vListInitialiseItem  list.o
    0x0800453e   0x0800453e   0x00000002   PAD
    0x08004540   0x08004540   0x0000006a   Code   RO          970    .text.vListInsert   list.o
    0x080045aa   0x080045aa   0x00000002   PAD
    0x080045ac   0x080045ac   0x0000003a   Code   RO          968    .text.vListInsertEnd  list.o
    0x080045e6   0x080045e6   0x00000002   PAD
    0x080045e8   0x080045e8   0x00000056   Code   RO         1550    .text.vPortEnterCritical  port.o
    0x0800463e   0x0800463e   0x00000002   PAD
    0x08004640   0x08004640   0x0000004a   Code   RO         1552    .text.vPortExitCritical  port.o
    0x0800468a   0x0800468a   0x00000002   PAD
    0x0800468c   0x0800468c   0x000000ce   Code   RO         1511    .text.vPortFree     heap_4.o
    0x0800475a   0x0800475a   0x00000002   PAD
    0x0800475c   0x0800475c   0x00000044   Code   RO         1544    .text.vPortSetupTimerInterrupt  port.o
    0x080047a0   0x080047a0   0x00000084   Code   RO         1558    .text.vPortValidateInterruptPriority  port.o
    0x08004824   0x08004824   0x00000052   Code   RO         1049    .text.vQueueAddToRegistry  queue.o
    0x08004876   0x08004876   0x00000002   PAD
    0x08004878   0x08004878   0x00000064   Code   RO         1053    .text.vQueueWaitForMessageRestricted  queue.o
    0x080048dc   0x080048dc   0x0000006e   Code   RO         1138    .text.vTaskDelay    tasks.o
    0x0800494a   0x0800494a   0x00000002   PAD
    0x0800494c   0x0800494c   0x00000024   Code   RO         1192    .text.vTaskInternalSetTimeOutState  tasks.o
    0x08004970   0x08004970   0x0000000e   Code   RO         1196    .text.vTaskMissedYield  tasks.o
    0x0800497e   0x0800497e   0x00000002   PAD
    0x08004980   0x08004980   0x00000042   Code   RO         1180    .text.vTaskPlaceOnEventList  tasks.o
    0x080049c2   0x080049c2   0x00000002   PAD
    0x080049c4   0x080049c4   0x00000052   Code   RO         1184    .text.vTaskPlaceOnEventListRestricted  tasks.o
    0x08004a16   0x08004a16   0x00000002   PAD
    0x08004a18   0x08004a18   0x000000b0   Code   RO         1158    .text.vTaskStartScheduler  tasks.o
    0x08004ac8   0x08004ac8   0x00000010   Code   RO         1132    .text.vTaskSuspendAll  tasks.o
    0x08004ad8   0x08004ad8   0x000000c6   Code   RO         1150    .text.vTaskSwitchContext  tasks.o
    0x08004b9e   0x08004b9e   0x00000002   PAD
    0x08004ba0   0x08004ba0   0x00000020   Code   RO           31    .text.write_reg     bme280.o
    0x08004bc0   0x08004bc0   0x0000000c   Code   RO         1513    .text.xPortGetFreeHeapSize  heap_4.o
    0x08004bcc   0x08004bcc   0x000000e6   Code   RO         1542    .text.xPortStartScheduler  port.o
    0x08004cb2   0x08004cb2   0x00000002   PAD
    0x08004cb4   0x08004cb4   0x0000003c   Code   RO         1556    .text.xPortSysTickHandler  port.o
    0x08004cf0   0x08004cf0   0x0000006c   Code   RO          983    .text.xQueueGenericCreate  queue.o
    0x08004d5c   0x08004d5c   0x000000ba   Code   RO          981    .text.xQueueGenericReset  queue.o
    0x08004e16   0x08004e16   0x00000002   PAD
    0x08004e18   0x08004e18   0x0000022c   Code   RO          997    .text.xQueueGenericSend  queue.o
    0x08005044   0x08005044   0x0000014c   Code   RO         1011    .text.xQueueGenericSendFromISR  queue.o
    0x08005190   0x08005190   0x000001dc   Code   RO         1015    .text.xQueueReceive  queue.o
    0x0800536c   0x0800536c   0x000000cc   Code   RO         1194    .text.xTaskCheckForTimeOut  tasks.o
    0x08005438   0x08005438   0x00000098   Code   RO         1118    .text.xTaskCreate   tasks.o
    0x080054d0   0x080054d0   0x00000038   Code   RO         1210    .text.xTaskGetSchedulerState  tasks.o
    0x08005508   0x08005508   0x00000014   Code   RO         1166    .text.xTaskGetTickCount  tasks.o
    0x0800551c   0x0800551c   0x000001c4   Code   RO         1164    .text.xTaskIncrementTick  tasks.o
    0x080056e0   0x080056e0   0x000000ec   Code   RO         1214    .text.xTaskPriorityDisinherit  tasks.o
    0x080057cc   0x080057cc   0x000000ce   Code   RO         1186    .text.xTaskRemoveFromEventList  tasks.o
    0x0800589a   0x0800589a   0x00000002   PAD
    0x0800589c   0x0800589c   0x00000186   Code   RO         1136    .text.xTaskResumeAll  tasks.o
    0x08005a22   0x08005a22   0x00000002   PAD
    0x08005a24   0x08005a24   0x0000006c   Code   RO         1269    .text.xTimerCreateTimerTask  timers.o
    0x08005a90   0x08005a90   0x000000b0   Code   RO         1279    .text.xTimerGenericCommand  timers.o
    0x08005b40   0x08005b40   0x00000028   Code   RO         1585    i.__0sprintf        mc_w.l(printfa.o)
    0x08005b68   0x08005b68   0x0000000e   Code   RO         1679    i.__scatterload_copy  mc_w.l(handlers.o)
    0x08005b76   0x08005b76   0x00000002   Code   RO         1680    i.__scatterload_null  mc_w.l(handlers.o)
    0x08005b78   0x08005b78   0x0000000e   Code   RO         1681    i.__scatterload_zeroinit  mc_w.l(handlers.o)
    0x08005b86   0x08005b86   0x00000002   PAD
    0x08005b88   0x08005b88   0x00000184   Code   RO         1590    i._fp_digits        mc_w.l(printfa.o)
    0x08005d0c   0x08005d0c   0x000006dc   Code   RO         1591    i._printf_core      mc_w.l(printfa.o)
    0x080063e8   0x080063e8   0x00000024   Code   RO         1592    i._printf_post_padding  mc_w.l(printfa.o)
    0x0800640c   0x0800640c   0x0000002e   Code   RO         1593    i._printf_pre_padding  mc_w.l(printfa.o)
    0x0800643a   0x0800643a   0x0000000a   Code   RO         1595    i._sputc            mc_w.l(printfa.o)
    0x08006444   0x08006444   0x00000010   Data   RO          919    .rodata.AHBPrescTable  system_stm32f1xx.o
    0x08006454   0x08006454   0x00000008   Data   RO          920    .rodata.APBPrescTable  system_stm32f1xx.o
    0x0800645c   0x0800645c   0x000001db   Data   RO          116    .rodata.Font5x7     oled.o
    0x08006637   0x08006637   0x00000010   Data   RO          495    .rodata.HAL_RCC_GetSysClockFreq.aPLLMULFactorTable  stm32f1xx_hal_rcc.o
    0x08006647   0x08006647   0x00000002   Data   RO          496    .rodata.HAL_RCC_GetSysClockFreq.aPredivFactorTable  stm32f1xx_hal_rcc.o
    0x08006649   0x08006649   0x00000060   Data   RO          117    .rodata.cn_font     oled.o
    0x080066a9   0x080066a9   0x00000034   Data   RO          131    .rodata.str1.1      main.o
    0x080066dd   0x080066dd   0x00000073   Data   RO          169    .rodata.str1.1      freertos.o
    0x08006750   0x08006750   0x00000005   Data   RO         1254    .rodata.str1.1      tasks.o
    0x08006755   0x08006755   0x0000000d   Data   RO         1322    .rodata.str1.1      timers.o
    0x08006762   0x08006762   0x00000002   PAD
    0x08006764   0x08006764   0x00000020   Data   RO         1678    Region$$Table       anon$$obj.o


    Execution Region RW_IRAM1 (Exec base: 0x20000000, Load base: 0x08006788, Size: 0x00004e58, Max: 0x00005000, ABSOLUTE)

    Exec Addr    Load Addr    Size         Type   Attr      Idx    E Section Name        Object

    0x20000000   0x08006788   0x00000004   Data   RW          918    .data.SystemCoreClock  system_stm32f1xx.o
    0x20000004   0x0800678c   0x00000001   Data   RW          456    .data.uwTickFreq    stm32f1xx_hal.o
    0x20000005   0x0800678d   0x00000003   PAD
    0x20000008   0x08006790   0x00000004   Data   RW          455    .data.uwTickPrio    stm32f1xx_hal.o
    0x2000000c   0x08006794   0x00000004   Data   RW         1562    .data.uxCriticalNesting  port.o
    0x20000010        -       0x00000004   Zero   RW         1496    .bss.KernelState    cmsis_os2.o
    0x20000014        -       0x00000400   Zero   RW          115    .bss.OLED_Buffer    oled.o
    0x20000414        -       0x00000024   Zero   RW           53    .bss.calib          bme280.o
    0x20000438        -       0x00000001   Zero   RW          168    .bss.g_data_ready   freertos.o
    0x20000439   0x08006798   0x00000003   PAD
    0x2000043c        -       0x00000004   Zero   RW          166    .bss.g_humi         freertos.o
    0x20000440        -       0x00000004   Zero   RW          167    .bss.g_press        freertos.o
    0x20000444        -       0x00000001   Zero   RW          164    .bss.g_system_mode  freertos.o
    0x20000445   0x08006798   0x00000003   PAD
    0x20000448        -       0x00000004   Zero   RW          165    .bss.g_temp         freertos.o
    0x2000044c        -       0x00000048   Zero   RW          184    .bss.huart1         usart.o
    0x20000494        -       0x00000016   Zero   RW          170    .bss.line           freertos.o
    0x200004aa   0x08006798   0x00000002   PAD
    0x200004ac        -       0x00000004   Zero   RW         1326    .bss.prvSampleTimeNow.xLastTime  timers.o
    0x200004b0        -       0x00000004   Zero   RW         1240    .bss.pxCurrentTCB   tasks.o
    0x200004b4        -       0x00000004   Zero   RW         1324    .bss.pxCurrentTimerList  timers.o
    0x200004b8        -       0x00000004   Zero   RW         1248    .bss.pxDelayedTaskList  tasks.o
    0x200004bc        -       0x00000004   Zero   RW         1521    .bss.pxEnd          heap_4.o
    0x200004c0        -       0x00000004   Zero   RW         1249    .bss.pxOverflowDelayedTaskList  tasks.o
    0x200004c4        -       0x00000004   Zero   RW         1325    .bss.pxOverflowTimerList  timers.o
    0x200004c8        -       0x00000460   Zero   RW         1251    .bss.pxReadyTasksLists  tasks.o
    0x20000928        -       0x00000004   Zero   RW           54    .bss.t_fine         bme280.o
    0x2000092c        -       0x00004000   Zero   RW         1528    .bss.ucHeap         heap_4.o
    0x2000492c        -       0x00000001   Zero   RW         1560    .bss.ucMaxSysCallPriority  port.o
    0x2000492d   0x08006798   0x00000003   PAD
    0x20004930        -       0x00000004   Zero   RW         1561    .bss.ulMaxPRIGROUPValue  port.o
    0x20004934        -       0x00000004   Zero   RW          457    .bss.uwTick         stm32f1xx_hal.o
    0x20004938        -       0x00000004   Zero   RW         1244    .bss.uxCurrentNumberOfTasks  tasks.o
    0x2000493c        -       0x00000004   Zero   RW         1243    .bss.uxDeletedTasksWaitingCleanUp  tasks.o
    0x20004940        -       0x00000004   Zero   RW         1246    .bss.uxSchedulerSuspended  tasks.o
    0x20004944        -       0x00000004   Zero   RW         1241    .bss.uxTaskNumber   tasks.o
    0x20004948        -       0x00000004   Zero   RW         1252    .bss.uxTopReadyPriority  tasks.o
    0x2000494c        -       0x00000014   Zero   RW         1327    .bss.xActiveTimerList1  timers.o
    0x20004960        -       0x00000014   Zero   RW         1328    .bss.xActiveTimerList2  timers.o
    0x20004974        -       0x00000004   Zero   RW         1522    .bss.xBlockAllocatedBit  heap_4.o
    0x20004978        -       0x00000014   Zero   RW         1260    .bss.xDelayedTaskList1  tasks.o
    0x2000498c        -       0x00000014   Zero   RW         1261    .bss.xDelayedTaskList2  tasks.o
    0x200049a0        -       0x00000004   Zero   RW         1523    .bss.xFreeBytesRemaining  heap_4.o
    0x200049a4        -       0x00000004   Zero   RW         1255    .bss.xIdleTaskHandle  tasks.o
    0x200049a8        -       0x00000004   Zero   RW         1525    .bss.xMinimumEverFreeBytesRemaining  heap_4.o
    0x200049ac        -       0x00000004   Zero   RW         1256    .bss.xNextTaskUnblockTime  tasks.o
    0x200049b0        -       0x00000004   Zero   RW         1259    .bss.xNumOfOverflows  tasks.o
    0x200049b4        -       0x00000004   Zero   RW         1526    .bss.xNumberOfSuccessfulAllocations  heap_4.o
    0x200049b8        -       0x00000004   Zero   RW         1527    .bss.xNumberOfSuccessfulFrees  heap_4.o
    0x200049bc        -       0x00000004   Zero   RW         1258    .bss.xPendedTicks   tasks.o
    0x200049c0        -       0x00000014   Zero   RW         1253    .bss.xPendingReadyList  tasks.o
    0x200049d4        -       0x00000040   Zero   RW         1055    .bss.xQueueRegistry  queue.o
    0x20004a14        -       0x00000004   Zero   RW         1245    .bss.xSchedulerRunning  tasks.o
    0x20004a18        -       0x00000008   Zero   RW         1524    .bss.xStart         heap_4.o
    0x20004a20        -       0x00000014   Zero   RW         1250    .bss.xSuspendedTaskList  tasks.o
    0x20004a34        -       0x00000014   Zero   RW         1242    .bss.xTasksWaitingTermination  tasks.o
    0x20004a48        -       0x00000004   Zero   RW         1247    .bss.xTickCount     tasks.o
    0x20004a4c        -       0x00000004   Zero   RW         1321    .bss.xTimerQueue    timers.o
    0x20004a50        -       0x00000004   Zero   RW         1323    .bss.xTimerTaskHandle  timers.o
    0x20004a54        -       0x00000004   Zero   RW         1257    .bss.xYieldPending  tasks.o
    0x20004a58        -       0x00000400   Zero   RW            1    STACK               startup_stm32f103xb.o


==============================================================================

Image component sizes


      Code (inc. data)   RO Data    RW Data    ZI Data      Debug   Object Name

      1588          0          0          0         40       7379   bme280.o
        70          0          0          0          4      32426   cmsis_os2.o
      1108          0        115          0         36       2882   freertos.o
       188          0          0          0          0       1486   gpio.o
      1096          0          0          0      16416       4419   heap_4.o
       296          0          0          0          0       2183   list.o
       368          0         52          0          0       1618   main.o
      1004          0        571          0       1024       5256   oled.o
       942         12          0          4          5       3578   port.o
      2442          0          0          0         64      15437   queue.o
      1034          0          0          0          0       3534   soft_i2c.o
        36          8        236          0       1024        764   startup_stm32f103xb.o
       254          0          0          5          4       5530   stm32f1xx_hal.o
       414          0          0          0          0       7487   stm32f1xx_hal_cortex.o
       928          0          0          0          0       4191   stm32f1xx_hal_gpio.o
       114          0          0          0          0       2271   stm32f1xx_hal_msp.o
      2582          0         18          0          0       7381   stm32f1xx_hal_rcc.o
      1014          0          0          0          0      19906   stm32f1xx_hal_uart.o
        46          0          0          0          0       1007   stm32f1xx_it.o
         2          0         24          4          0       1540   system_stm32f1xx.o
      3600          0          5          0       1280      22723   tasks.o
      1630         10         13          0         60       9507   timers.o
       216          0          0          0         72       4062   usart.o

    ----------------------------------------------------------------------
     21132         30       1068         16      20040     166567   Object Totals
         0          0         32          0          0          0   (incl. Generated)
       160          0          2          3         11          0   (incl. Padding)

    ----------------------------------------------------------------------

      Code (inc. data)   RO Data    RW Data    ZI Data      Debug   Library Member Name

         0          0          0          0          0          0   entry.o
         0          0          0          0          0          0   entry10a.o
         0          0          0          0          0          0   entry11a.o
         8          4          0          0          0          0   entry2.o
         4          0          0          0          0          0   entry5.o
         0          0          0          0          0          0   entry7b.o
         0          0          0          0          0          0   entry8b.o
         8          4          0          0          0          0   entry9a.o
        30          0          0          0          0          0   handlers.o
        36          8          0          0          0         68   init.o
         0          0          0          0          0          0   iusefp.o
        98          0          0          0          0         84   ldiv.o
        30          0          0          0          0         68   llshl.o
        36          0          0          0          0         68   llsshr.o
        32          0          0          0          0         68   llushr.o
        36          0          0          0          0         68   memcpya.o
        36          0          0          0          0        108   memseta.o
      2276         86          0          0          0        520   printfa.o
        14          0          0          0          0         68   strlen.o
        44          0          0          0          0         80   uidiv.o
        98          0          0          0          0         92   uldiv.o
        48          0          0          0          0         68   cdrcmple.o
       334          0          0          0          0        148   dadd.o
       222          0          0          0          0        100   ddiv.o
       186          0          0          0          0        176   depilogue.o
        48          0          0          0          0         68   dfixul.o
       228          0          0          0          0         96   dmul.o
       124          0          0          0          0         88   fdiv.o
       110          0          0          0          0        168   fepilogue.o
        50          0          0          0          0         68   ffixi.o
        18          0          0          0          0         68   fflti.o
        44          0          0          0          0         92   ffltl.o
       100          0          0          0          0         76   fmul.o

    ----------------------------------------------------------------------
      4300        102          0          0          0       2508   Library Totals
         2          0          0          0          0          0   (incl. Padding)

    ----------------------------------------------------------------------

      Code (inc. data)   RO Data    RW Data    ZI Data      Debug   Library Name

      2786        102          0          0          0       1292   mc_w.l
      1512          0          0          0          0       1216   mf_w.l

    ----------------------------------------------------------------------
      4300        102          0          0          0       2508   Library Totals

    ----------------------------------------------------------------------

==============================================================================


      Code (inc. data)   RO Data    RW Data    ZI Data      Debug   

     25432        132       1068         16      20040     167507   Grand Totals
     25432        132       1068         16      20040     167507   ELF Image Totals
     25432        132       1068         16          0          0   ROM Totals

==============================================================================

    Total RO  Size (Code + RO Data)                26500 (  25.88kB)
    Total RW  Size (RW Data + ZI Data)             20056 (  19.59kB)
    Total ROM Size (Code + RO Data + RW Data)      26516 (  25.89kB)

==============================================================================

